Archive member included to satisfy reference by file (symbol)

d:/work/gd32embeddedbuilder_v1.5.2.30854/tools/nuclei_riscv_newlibc_prebuilt_win32_2022.04/gcc/bin/../lib/gcc/riscv-nuclei-elf/10.2.0/rv32imafcbp/ilp32f\libgcc.a(save-restore.o)
                              ./platform/init_rom_symbol.o (__riscv_save_12)
d:/work/gd32embeddedbuilder_v1.5.2.30854/tools/nuclei_riscv_newlibc_prebuilt_win32_2022.04/gcc/bin/../lib/gcc/riscv-nuclei-elf/10.2.0/../../../../riscv-nuclei-elf/lib/rv32imafcbp/ilp32f\libg_nano.a(lib_a-atexit.o)
                              ./platform/start.o (atexit)
d:/work/gd32embeddedbuilder_v1.5.2.30854/tools/nuclei_riscv_newlibc_prebuilt_win32_2022.04/gcc/bin/../lib/gcc/riscv-nuclei-elf/10.2.0/../../../../riscv-nuclei-elf/lib/rv32imafcbp/ilp32f\libg_nano.a(lib_a-fini.o)
                              ./platform/start.o (__libc_fini_array)
d:/work/gd32embeddedbuilder_v1.5.2.30854/tools/nuclei_riscv_newlibc_prebuilt_win32_2022.04/gcc/bin/../lib/gcc/riscv-nuclei-elf/10.2.0/../../../../riscv-nuclei-elf/lib/rv32imafcbp/ilp32f\libg_nano.a(lib_a-init.o)
                              ./platform/start.o (__libc_init_array)
d:/work/gd32embeddedbuilder_v1.5.2.30854/tools/nuclei_riscv_newlibc_prebuilt_win32_2022.04/gcc/bin/../lib/gcc/riscv-nuclei-elf/10.2.0/../../../../riscv-nuclei-elf/lib/rv32imafcbp/ilp32f\libg_nano.a(lib_a-memset.o)
                              ./mainboot/mbl.o (memset)
d:/work/gd32embeddedbuilder_v1.5.2.30854/tools/nuclei_riscv_newlibc_prebuilt_win32_2022.04/gcc/bin/../lib/gcc/riscv-nuclei-elf/10.2.0/../../../../riscv-nuclei-elf/lib/rv32imafcbp/ilp32f\libg_nano.a(lib_a-printf.o)
                              ./platform/handlers.o (printf)
d:/work/gd32embeddedbuilder_v1.5.2.30854/tools/nuclei_riscv_newlibc_prebuilt_win32_2022.04/gcc/bin/../lib/gcc/riscv-nuclei-elf/10.2.0/../../../../riscv-nuclei-elf/lib/rv32imafcbp/ilp32f\libg_nano.a(lib_a-puts.o)
                              ./platform/handlers.o (puts)
d:/work/gd32embeddedbuilder_v1.5.2.30854/tools/nuclei_riscv_newlibc_prebuilt_win32_2022.04/gcc/bin/../lib/gcc/riscv-nuclei-elf/10.2.0/../../../../riscv-nuclei-elf/lib/rv32imafcbp/ilp32f\libg_nano.a(lib_a-wbuf.o)
                              d:/work/gd32embeddedbuilder_v1.5.2.30854/tools/nuclei_riscv_newlibc_prebuilt_win32_2022.04/gcc/bin/../lib/gcc/riscv-nuclei-elf/10.2.0/../../../../riscv-nuclei-elf/lib/rv32imafcbp/ilp32f\libg_nano.a(lib_a-puts.o) (__swbuf_r)
d:/work/gd32embeddedbuilder_v1.5.2.30854/tools/nuclei_riscv_newlibc_prebuilt_win32_2022.04/gcc/bin/../lib/gcc/riscv-nuclei-elf/10.2.0/../../../../riscv-nuclei-elf/lib/rv32imafcbp/ilp32f\libg_nano.a(lib_a-wsetup.o)
                              d:/work/gd32embeddedbuilder_v1.5.2.30854/tools/nuclei_riscv_newlibc_prebuilt_win32_2022.04/gcc/bin/../lib/gcc/riscv-nuclei-elf/10.2.0/../../../../riscv-nuclei-elf/lib/rv32imafcbp/ilp32f\libg_nano.a(lib_a-puts.o) (__swsetup_r)
d:/work/gd32embeddedbuilder_v1.5.2.30854/tools/nuclei_riscv_newlibc_prebuilt_win32_2022.04/gcc/bin/../lib/gcc/riscv-nuclei-elf/10.2.0/../../../../riscv-nuclei-elf/lib/rv32imafcbp/ilp32f\libg_nano.a(lib_a-__atexit.o)
                              d:/work/gd32embeddedbuilder_v1.5.2.30854/tools/nuclei_riscv_newlibc_prebuilt_win32_2022.04/gcc/bin/../lib/gcc/riscv-nuclei-elf/10.2.0/../../../../riscv-nuclei-elf/lib/rv32imafcbp/ilp32f\libg_nano.a(lib_a-atexit.o) (__register_exitproc)
d:/work/gd32embeddedbuilder_v1.5.2.30854/tools/nuclei_riscv_newlibc_prebuilt_win32_2022.04/gcc/bin/../lib/gcc/riscv-nuclei-elf/10.2.0/../../../../riscv-nuclei-elf/lib/rv32imafcbp/ilp32f\libg_nano.a(lib_a-__call_atexit.o)
                              d:/work/gd32embeddedbuilder_v1.5.2.30854/tools/nuclei_riscv_newlibc_prebuilt_win32_2022.04/gcc/bin/../lib/gcc/riscv-nuclei-elf/10.2.0/../../../../riscv-nuclei-elf/lib/rv32imafcbp/ilp32f\libg_nano.a(lib_a-__atexit.o) (__call_exitprocs)
d:/work/gd32embeddedbuilder_v1.5.2.30854/tools/nuclei_riscv_newlibc_prebuilt_win32_2022.04/gcc/bin/../lib/gcc/riscv-nuclei-elf/10.2.0/../../../../riscv-nuclei-elf/lib/rv32imafcbp/ilp32f\libg_nano.a(lib_a-fflush.o)
                              d:/work/gd32embeddedbuilder_v1.5.2.30854/tools/nuclei_riscv_newlibc_prebuilt_win32_2022.04/gcc/bin/../lib/gcc/riscv-nuclei-elf/10.2.0/../../../../riscv-nuclei-elf/lib/rv32imafcbp/ilp32f\libg_nano.a(lib_a-wbuf.o) (_fflush_r)
d:/work/gd32embeddedbuilder_v1.5.2.30854/tools/nuclei_riscv_newlibc_prebuilt_win32_2022.04/gcc/bin/../lib/gcc/riscv-nuclei-elf/10.2.0/../../../../riscv-nuclei-elf/lib/rv32imafcbp/ilp32f\libg_nano.a(lib_a-findfp.o)
                              d:/work/gd32embeddedbuilder_v1.5.2.30854/tools/nuclei_riscv_newlibc_prebuilt_win32_2022.04/gcc/bin/../lib/gcc/riscv-nuclei-elf/10.2.0/../../../../riscv-nuclei-elf/lib/rv32imafcbp/ilp32f\libg_nano.a(lib_a-printf.o) (__sinit)
[...]
Memory Configuration

Name             Origin             Length             Attributes
flash0           0x0000000008000000 0x0000000000001000 axrl !w
flash            0x0000000008001000 0x0000000000008000 axrl !w
ram              0x0000000020000300 0x0000000000004600 axw !rl
*default*        0x0000000000000000 0xffffffffffffffff

Linker script and memory map

LOAD ../../../../ROM-EXPORT/symbol/rom_symbol_m.gcc
                0x000000000bf6c03c                ED25519_verify = 0xbf6c03c
                0x000000000bf4e478                mbedtls_aes_crypt_cbc = 0xbf4e478
                0x000000000bf4e544                mbedtls_aes_crypt_cfb128 = 0xbf4e544
                0x000000000bf4e688                mbedtls_aes_crypt_ctr = 0xbf4e688
                0x000000000bf4e434                mbedtls_aes_crypt_ecb = 0xbf4e434
                0x000000000bf4e71e                mbedtls_aes_crypt_ofb = 0xbf4e71e
                0x000000000bf4e40a                mbedtls_aes_free = 0xbf4e40a
                0x000000000bf4e400                mbedtls_aes_init = 0xbf4e400
                0x000000000bf4e432                mbedtls_aes_setkey_dec = 0xbf4e432
                0x000000000bf4e41c                mbedtls_aes_setkey_enc = 0xbf4e41c
                0x000000000bf4e810                mbedtls_arc4_crypt = 0xbf4e810
                0x000000000bf4e7a2                mbedtls_arc4_free = 0xbf4e7a2
                0x000000000bf4e798                mbedtls_arc4_init = 0xbf4e798
                0x000000000bf4e7ae                mbedtls_arc4_setup = 0xbf4e7ae
                0x000000000bf4edec                mbedtls_asn1_find_named_data = 0xbf4edec
                0x000000000bf4ed88                mbedtls_asn1_free_named_data = 0xbf4ed88
                0x000000000bf4edb0                mbedtls_asn1_free_named_data_list = 0xbf4edb0
                0x000000000bf4ec66                mbedtls_asn1_get_alg = 0xbf4ec66
                0x000000000bf4ed42                mbedtls_asn1_get_alg_null = 0xbf4ed42
                0x000000000bf4eab2                mbedtls_asn1_get_bitstring = 0xbf4eab2
                0x000000000bf4eb32                mbedtls_asn1_get_bitstring_null = 0xbf4eb32
                0x000000000bf4e97c                mbedtls_asn1_get_bool = 0xbf4e97c
                0x000000000bf4e9dc                mbedtls_asn1_get_int = 0xbf4e9dc
                0x000000000bf4e86e                mbedtls_asn1_get_len = 0xbf4e86e
                0x000000000bf4ea56                mbedtls_asn1_get_mpi = 0xbf4ea56
                0x000000000bf4eb92                mbedtls_asn1_get_sequence_of = 0xbf4eb92
                0x000000000bf4e958                mbedtls_asn1_get_tag = 0xbf4e958
                0x000000000bf4f47c                mbedtls_asn1_store_named_data = 0xbf4f47c
                0x000000000bf4f10e                mbedtls_asn1_write_algorithm_identifier = 0xbf4f10e
                0x000000000bf4f30e                mbedtls_asn1_write_bitstring = 0xbf4f30e
                0x000000000bf4f194                mbedtls_asn1_write_bool = 0xbf4f194
                0x000000000bf4f306                mbedtls_asn1_write_ia5_string = 0xbf4f306
                0x000000000bf4f1f2                mbedtls_asn1_write_int = 0xbf4f1f2
                0x000000000bf4ee36                mbedtls_asn1_write_len = 0xbf4ee36
                0x000000000bf4efb2                mbedtls_asn1_write_mpi = 0xbf4efb2
                0x000000000bf4f3c8                mbedtls_asn1_write_named_bitstring = 0xbf4f3c8
                0x000000000bf4f064                mbedtls_asn1_write_null = 0xbf4f064
                0x000000000bf4f406                mbedtls_asn1_write_octet_string = 0xbf4f406
                0x000000000bf4f098                mbedtls_asn1_write_oid = 0xbf4f098
                0x000000000bf4f2fe                mbedtls_asn1_write_printable_string = 0xbf4f2fe
                0x000000000bf4ef7c                mbedtls_asn1_write_raw_buffer = 0xbf4ef7c
                0x000000000bf4ef5e                mbedtls_asn1_write_tag = 0xbf4ef5e
                0x000000000bf4f278                mbedtls_asn1_write_tagged_string = 0xbf4f278
                0x000000000bf4f2f6                mbedtls_asn1_write_utf8_string = 0xbf4f2f6
                0x000000000bf4f67c                mbedtls_base64_decode = 0xbf4f67c
                0x000000000bf4f54c                mbedtls_base64_encode = 0xbf4f54c
                0x000000000bf5e9ee                mbedtls_calloc = 0xbf5e9ee
                0x000000000bf517f8                mbedtls_camellia_crypt_cbc = 0xbf517f8
                0x000000000bf518e8                mbedtls_camellia_crypt_cfb128 = 0xbf518e8
                0x000000000bf5199e                mbedtls_camellia_crypt_ctr = 0xbf5199e
                0x000000000bf515ea                mbedtls_camellia_crypt_ecb = 0xbf515ea
                0x000000000bf50f8a                mbedtls_camellia_free = 0xbf50f8a
                0x000000000bf50f80                mbedtls_camellia_init = 0xbf50f80
                0x000000000bf51518                mbedtls_camellia_setkey_dec = 0xbf51518
                0x000000000bf50f96                mbedtls_camellia_setkey_enc = 0xbf50f96
                0x000000000bf523de                mbedtls_ccm_auth_decrypt = 0xbf523de
                0x000000000bf52342                mbedtls_ccm_encrypt_and_tag = 0xbf52342
                0x000000000bf52300                mbedtls_ccm_free = 0xbf52300
                0x000000000bf5229a                mbedtls_ccm_init = 0xbf5229a
                0x000000000bf522a4                mbedtls_ccm_setkey = 0xbf522a4
                0x000000000bf52370                mbedtls_ccm_star_auth_decrypt = 0xbf52370
                0x000000000bf5231e                mbedtls_ccm_star_encrypt_and_tag = 0xbf5231e
                0x000000000bf52de0                mbedtls_cipher_auth_decrypt = 0xbf52de0
                0x000000000bf52d84                mbedtls_cipher_auth_encrypt = 0xbf52d84
                0x000000000bf52c9c                mbedtls_cipher_check_tag = 0xbf52c9c
                0x000000000bf52d12                mbedtls_cipher_crypt = 0xbf52d12
                0x000000000bf5391c                mbedtls_cipher_definitions = 0xbf5391c
                0x000000000bf52ab6                mbedtls_cipher_finish = 0xbf52ab6
                0x000000000bf526d6                mbedtls_cipher_free = 0xbf526d6
                0x000000000bf52652                mbedtls_cipher_info_from_string = 0xbf52652
                0x000000000bf52628                mbedtls_cipher_info_from_type = 0xbf52628
                0x000000000bf5269c                mbedtls_cipher_info_from_values = 0xbf5269c
                0x000000000bf526cc                mbedtls_cipher_init = 0xbf526cc
                0x000000000bf525e2                mbedtls_cipher_list = 0xbf525e2
                0x000000000bf52806                mbedtls_cipher_reset = 0xbf52806
                0x000000000bf527a0                mbedtls_cipher_set_iv = 0xbf527a0
                0x000000000bf52bba                mbedtls_cipher_set_padding_mode = 0xbf52bba
                0x000000000bf5275e                mbedtls_cipher_setkey = 0xbf5275e
                0x000000000bf526fe                mbedtls_cipher_setup = 0xbf526fe
                0x000000000bf5284c                mbedtls_cipher_update = 0xbf5284c
                0x000000000bf5281a                mbedtls_cipher_update_ad = 0xbf5281a
                0x000000000bf52c74                mbedtls_cipher_write_tag = 0xbf52c74
                0x000000000bf540ae                mbedtls_ctr_drbg_free = 0xbf540ae
                0x000000000bf540a4                mbedtls_ctr_drbg_init = 0xbf540a4
                0x000000000bf54334                mbedtls_ctr_drbg_random = 0xbf54334
                0x000000000bf5422a                mbedtls_ctr_drbg_random_with_add = 0xbf5422a
                0x000000000bf540f8                mbedtls_ctr_drbg_reseed = 0xbf540f8
                0x000000000bf54224                mbedtls_ctr_drbg_seed = 0xbf54224
                0x000000000bf541b2                mbedtls_ctr_drbg_seed_entropy_len = 0xbf541b2
                0x000000000bf540d6                mbedtls_ctr_drbg_set_entropy_len = 0xbf540d6
                0x000000000bf540d2                mbedtls_ctr_drbg_set_prediction_resistance = 0xbf540d2
                0x000000000bf540da                mbedtls_ctr_drbg_set_reseed_interval = 0xbf540da
                0x000000000bf540e6                mbedtls_ctr_drbg_update = 0xbf540e6
                0x000000000bf540de                mbedtls_ctr_drbg_update_ret = 0xbf540de
                0x000000000bf5449c                mbedtls_des_crypt_cbc = 0xbf5449c
                0x000000000bf54458                mbedtls_des_crypt_ecb = 0xbf54458
                0x000000000bf54342                mbedtls_des_free = 0xbf54342
                0x000000000bf5433a                mbedtls_des_init = 0xbf5433a
                0x000000000bf543ac                mbedtls_des_setkey_dec = 0xbf543ac
                0x000000000bf54392                mbedtls_des_setkey_enc = 0xbf54392
                0x000000000bf54596                mbedtls_des3_crypt_cbc = 0xbf54596
                0x000000000bf54552                mbedtls_des3_crypt_ecb = 0xbf54552
                0x000000000bf5435c                mbedtls_des3_free = 0xbf5435c
                0x000000000bf54354                mbedtls_des3_init = 0xbf54354
                0x000000000bf543f6                mbedtls_des3_set2key_dec = 0xbf543f6
                0x000000000bf543c4                mbedtls_des3_set2key_enc = 0xbf543c4
                0x000000000bf54440                mbedtls_des3_set3key_dec = 0xbf54440
                0x000000000bf54426                mbedtls_des3_set3key_enc = 0xbf54426
                0x000000000bf54b22                mbedtls_dhm_calc_secret = 0xbf54b22
                0x000000000bf54d20                mbedtls_dhm_free = 0xbf54d20
                0x000000000bf5479c                mbedtls_dhm_free.part.0 = 0xbf5479c
                0x000000000bf54876                mbedtls_dhm_make_params = 0xbf54876
                0x000000000bf54a46                mbedtls_dhm_make_public = 0xbf54a46
                0x000000000bf54d28                mbedtls_dhm_parse_dhm = 0xbf54d28
                0x000000000bf5480e                mbedtls_dhm_read_params = 0xbf5480e
                0x000000000bf54a1a                mbedtls_dhm_read_public = 0xbf54a1a
                0x000000000bf549be                mbedtls_dhm_set_group = 0xbf549be
                0x000000000bf5520c                mbedtls_ecdh_calc_secret = 0xbf5520c
                0x000000000bf54f52                mbedtls_ecdh_compute_shared = 0xbf54f52
                0x000000000bf54fbe                mbedtls_ecdh_free = 0xbf54fbe
                0x000000000bf54f50                mbedtls_ecdh_gen_public = 0xbf54f50
                0x000000000bf550ea                mbedtls_ecdh_get_params = 0xbf550ea
                0x000000000bf54f56                mbedtls_ecdh_init = 0xbf54f56
                0x000000000bf5500e                mbedtls_ecdh_make_params = 0xbf5500e
                0x000000000bf55160                mbedtls_ecdh_make_public = 0xbf55160
                0x000000000bf55092                mbedtls_ecdh_read_params = 0xbf55092
                0x000000000bf551d4                mbedtls_ecdh_read_public = 0xbf551d4
                0x000000000bf54fa6                mbedtls_ecdh_setup = 0xbf54fa6
                0x000000000bf5c728                mbedtls_ecdsa_info = 0xbf5c728
                0x000000000bf55910                mbedtls_ecjpake_check = 0xbf55910
                0x000000000bf55d0a                mbedtls_ecjpake_derive_secret = 0xbf55d0a
                0x000000000bf5589a                mbedtls_ecjpake_free = 0xbf5589a
                0x000000000bf557e6                mbedtls_ecjpake_free.part.2 = 0xbf557e6
                0x000000000bf5583e                mbedtls_ecjpake_init = 0xbf5583e
                0x000000000bf5592a                mbedtls_ecjpake_read_round_one = 0xbf5592a
                0x000000000bf55afc                mbedtls_ecjpake_read_round_two = 0xbf55afc
                0x000000000bf558a2                mbedtls_ecjpake_setup = 0xbf558a2
                0x000000000bf559c6                mbedtls_ecjpake_write_round_one = 0xbf559c6
                0x000000000bf55bc6                mbedtls_ecjpake_write_round_two = 0xbf55bc6
                0x000000000bf5c758                mbedtls_eckey_info = 0xbf5c758
                0x000000000bf5c788                mbedtls_eckeydh_info = 0xbf5c788
                0x000000000bf5702a                mbedtls_ecp_curve_val_init = 0xbf5702a
                0x000000000bf5706a                mbedtls_ecp_group_load = 0xbf5706a
                0x000000000bf5c7b8                mbedtls_ed25519_info = 0xbf5c7b8
                0x000000000bf581b4                mbedtls_entropy_add_source = 0xbf581b4
                0x000000000bf5818a                mbedtls_entropy_free = 0xbf5818a
                0x000000000bf581f6                mbedtls_entropy_func = 0xbf581f6
                0x000000000bf581f2                mbedtls_entropy_gather = 0xbf581f2
                0x000000000bf58124                mbedtls_entropy_init = 0xbf58124
                0x000000000bf581e8                mbedtls_entropy_update_manual = 0xbf581e8
                0x000000000bf5ea2a                mbedtls_free = 0xbf5ea2a
                0x000000000bf58b12                mbedtls_gcm_auth_decrypt = 0xbf58b12
                0x000000000bf58aac                mbedtls_gcm_crypt_and_tag = 0xbf58aac
                0x000000000bf58958                mbedtls_gcm_finish = 0xbf58958
                0x000000000bf58b82                mbedtls_gcm_free = 0xbf58b82
                0x000000000bf584a8                mbedtls_gcm_init = 0xbf584a8
                0x000000000bf584b2                mbedtls_gcm_setkey = 0xbf584b2
                0x000000000bf586a4                mbedtls_gcm_starts = 0xbf586a4
                0x000000000bf58822                mbedtls_gcm_update = 0xbf58822
                0x000000000bf58308                mbedtls_hardware_poll = 0xbf58308
                0x000000000bf58da6                mbedtls_hkdf = 0xbf58da6
                0x000000000bf58c8c                mbedtls_hkdf_expand = 0xbf58c8c
                0x000000000bf58c28                mbedtls_hkdf_extract = 0xbf58c28
                0x000000000bf59178                mbedtls_hmac_drbg_free = 0xbf59178
                0x000000000bf58dfe                mbedtls_hmac_drbg_init = 0xbf58dfe
                0x000000000bf59170                mbedtls_hmac_drbg_random = 0xbf59170
                0x000000000bf59080                mbedtls_hmac_drbg_random_with_add = 0xbf59080
                0x000000000bf58f3c                mbedtls_hmac_drbg_reseed = 0xbf58f3c
                0x000000000bf58fda                mbedtls_hmac_drbg_seed = 0xbf58fda
                0x000000000bf58ed6                mbedtls_hmac_drbg_seed_buf = 0xbf58ed6
                0x000000000bf59078                mbedtls_hmac_drbg_set_entropy_len = 0xbf59078
                0x000000000bf59074                mbedtls_hmac_drbg_set_prediction_resistance = 0xbf59074
                0x000000000bf5907c                mbedtls_hmac_drbg_set_reseed_interval = 0xbf5907c
                0x000000000bf58ed2                mbedtls_hmac_drbg_update = 0xbf58ed2
                0x000000000bf58e08                mbedtls_hmac_drbg_update_ret = 0xbf58e08
                0x000000000bf5ec12                mbedtls_hwpka_flag_set = 0xbf5ec12
                0x000000000bf5f38e                mbedtls_internal_sha1_process = 0xbf5f38e
                0x000000000bf60e78                mbedtls_internal_sha512_process = 0xbf60e78
                0x000000000bf5939c                mbedtls_md = 0xbf5939c
                0x000000000bf592ce                mbedtls_md_clone = 0xbf592ce
                0x000000000bf59386                mbedtls_md_finish = 0xbf59386
                0x000000000bf59294                mbedtls_md_free = 0xbf59294
                0x000000000bf59654                mbedtls_md_get_name = 0xbf59654
                0x000000000bf5963e                mbedtls_md_get_size = 0xbf5963e
                0x000000000bf5964a                mbedtls_md_get_type = 0xbf5964a
                0x000000000bf59598                mbedtls_md_hmac = 0xbf59598
                0x000000000bf594d6                mbedtls_md_hmac_finish = 0xbf594d6
                0x000000000bf5954e                mbedtls_md_hmac_reset = 0xbf5954e
                0x000000000bf593b4                mbedtls_md_hmac_starts = 0xbf593b4
                0x000000000bf594bc                mbedtls_md_hmac_update = 0xbf594bc
                0x000000000bf591a0                mbedtls_md_info_from_string = 0xbf591a0
                0x000000000bf59270                mbedtls_md_info_from_type = 0xbf59270
                0x000000000bf5928c                mbedtls_md_init = 0xbf5928c
                0x000000000bf59354                mbedtls_md_init_ctx = 0xbf59354
                0x000000000bf59196                mbedtls_md_list = 0xbf59196
                0x000000000bf59628                mbedtls_md_process = 0xbf59628
                0x000000000bf592fa                mbedtls_md_setup = 0xbf592fa
                0x000000000bf5935a                mbedtls_md_starts = 0xbf5935a
                0x000000000bf59370                mbedtls_md_update = 0xbf59370
                0x000000000bf597fc                mbedtls_md5_info = 0xbf597fc
                0x000000000bf59cca                mbedtls_memory_buffer_alloc_free = 0xbf59cca
                0x000000000bf59c46                mbedtls_memory_buffer_alloc_init = 0xbf59c46
                0x000000000bf59c42                mbedtls_memory_buffer_alloc_verify = 0xbf59c42
                0x000000000bf59c38                mbedtls_memory_buffer_set_verify = 0xbf59c38
                0x000000000bf6e500                mbedtls_mpi_add_abs = 0xbf6e500
                0x000000000bf6e78c                mbedtls_mpi_add_int = 0xbf6e78c
                0x000000000bf6e694                mbedtls_mpi_add_mpi = 0xbf6e694
                0x000000000bf6def2                mbedtls_mpi_bitlen = 0xbf6def2
                0x000000000bf6e230                mbedtls_mpi_cmp_abs = 0xbf6e230
                0x000000000bf6e4d6                mbedtls_mpi_cmp_int = 0xbf6e4d6
                0x000000000bf6e400                mbedtls_mpi_cmp_mpi = 0xbf6e400
                0x000000000bf6db62                mbedtls_mpi_copy = 0xbf6db62
                0x000000000bf6d9e2                mbedtls_mpi_dump = 0xbf6d9e2
                0x000000000bf6da60                mbedtls_mpi_free = 0xbf6da60
                0x000000000bf6de1e                mbedtls_mpi_get_bit = 0xbf6de1e
                0x000000000bf6da92                mbedtls_mpi_grow = 0xbf6da92
                0x000000000bf6da52                mbedtls_mpi_init = 0xbf6da52
                0x000000000bf6debc                mbedtls_mpi_lsb = 0xbf6debc
                0x000000000bf6ddda                mbedtls_mpi_lset = 0xbf6ddda
                0x000000000bf6e7e0                mbedtls_mpi_mul_mpi_sw = 0xbf6e7e0
                0x000000000bf6df66                mbedtls_mpi_read_binary = 0xbf6df66
                0x000000000bf6dc50                mbedtls_mpi_safe_cond_assign = 0xbf6dc50
                0x000000000bf6dd02                mbedtls_mpi_safe_cond_swap = 0xbf6dd02
                0x000000000bf6de3e                mbedtls_mpi_set_bit = 0xbf6de3e
                0x000000000bf6e0b6                mbedtls_mpi_shift_l = 0xbf6e0b6
                0x000000000bf6e192                mbedtls_mpi_shift_r = 0xbf6e192
                0x000000000bf6dab0                mbedtls_mpi_shrink = 0xbf6dab0
                0x000000000bf6df54                mbedtls_mpi_size = 0xbf6df54
                0x000000000bf6e5fa                mbedtls_mpi_sub_abs = 0xbf6e5fa
                0x000000000bf6e7b6                mbedtls_mpi_sub_int = 0xbf6e7b6
                0x000000000bf6e714                mbedtls_mpi_sub_mpi = 0xbf6e714
                0x000000000bf6dc1c                mbedtls_mpi_swap = 0xbf6dc1c
                0x000000000bf6dffc                mbedtls_mpi_write_binary = 0xbf6dffc
                0x000000000bf59d26                mbedtls_oid_get_attr_short_name = 0xbf59d26
                0x000000000bf5a036                mbedtls_oid_get_cipher_alg = 0xbf5a036
                0x000000000bf59f8e                mbedtls_oid_get_ec_grp = 0xbf59f8e
                0x000000000bf59dea                mbedtls_oid_get_extended_key_usage = 0xbf59dea
                0x000000000bf5a098                mbedtls_oid_get_md_alg = 0xbf5a098
                0x000000000bf5a140                mbedtls_oid_get_md_hmac = 0xbf5a140
                0x000000000bf5a212                mbedtls_oid_get_numeric_string = 0xbf5a212
                0x000000000bf59ff0                mbedtls_oid_get_oid_by_ec_grp = 0xbf59ff0
                0x000000000bf5a0fa                mbedtls_oid_get_oid_by_md = 0xbf5a0fa
                0x000000000bf59f48                mbedtls_oid_get_oid_by_pk_alg = 0xbf59f48
                0x000000000bf59eaa                mbedtls_oid_get_oid_by_sig_alg = 0xbf59eaa
                0x000000000bf59ee6                mbedtls_oid_get_pk_alg = 0xbf59ee6
                0x000000000bf5a1a2                mbedtls_oid_get_pkcs12_pbe_alg = 0xbf5a1a2
                0x000000000bf59e76                mbedtls_oid_get_sig_alg = 0xbf59e76
                0x000000000bf59e4c                mbedtls_oid_get_sig_alg_desc = 0xbf59e4c
                0x000000000bf59d88                mbedtls_oid_get_x509_ext_type = 0xbf59d88
                0x000000000bf5bb86                mbedtls_pem_free = 0xbf5bb86
                0x000000000bf5b722                mbedtls_pem_init = 0xbf5b722
                0x000000000bf5b72a                mbedtls_pem_read_buffer = 0xbf5b72a
                0x000000000bf5bbb2                mbedtls_pem_write_buffer = 0xbf5bbb2
                0x000000000bf5be56                mbedtls_pk_can_do = 0xbf5be56
                0x000000000bf5c0aa                mbedtls_pk_check_pair = 0xbf5c0aa
                0x000000000bf5c0fe                mbedtls_pk_debug = 0xbf5c0fe
                0x000000000bf5c062                mbedtls_pk_decrypt = 0xbf5c062
                0x000000000bf5c086                mbedtls_pk_encrypt = 0xbf5c086
                0x000000000bf5bd7a                mbedtls_pk_free = 0xbf5bd7a
                0x000000000bf5c0ec                mbedtls_pk_get_bitlen = 0xbf5c0ec
                0x000000000bf5c126                mbedtls_pk_get_name = 0xbf5c126
                0x000000000bf5c13a                mbedtls_pk_get_type = 0xbf5c13a
                0x000000000bf5bd9e                mbedtls_pk_info_from_type = 0xbf5bd9e
                0x000000000bf5bd70                mbedtls_pk_init = 0xbf5bd70
                0x000000000bf5dcb2                mbedtls_pk_parse_key = 0xbf5dcb2
                0x000000000bf5df30                mbedtls_pk_parse_public_key = 0xbf5df30
                0x000000000bf5db6a                mbedtls_pk_parse_subpubkey = 0xbf5db6a
                0x000000000bf5bdba                mbedtls_pk_setup = 0xbf5bdba
                0x000000000bf5bdf2                mbedtls_pk_setup_rsa_alt = 0xbf5bdf2
                0x000000000bf5c052                mbedtls_pk_sign = 0xbf5c052
                0x000000000bf5bfce                mbedtls_pk_sign_restartable = 0xbf5bfce
                0x000000000bf5bed8                mbedtls_pk_verify = 0xbf5bed8
                0x000000000bf5bede                mbedtls_pk_verify_ext = 0xbf5bede
                0x000000000bf5be68                mbedtls_pk_verify_restartable = 0xbf5be68
                0x000000000bf5e48e                mbedtls_pk_write_key_der = 0xbf5e48e
                0x000000000bf5e81a                mbedtls_pk_write_key_pem = 0xbf5e81a
                0x000000000bf5e2a6                mbedtls_pk_write_pubkey = 0xbf5e2a6
                0x000000000bf5e394                mbedtls_pk_write_pubkey_der = 0xbf5e394
                0x000000000bf5e79c                mbedtls_pk_write_pubkey_pem = 0xbf5e79c
                0x000000000bf5cbbe                mbedtls_pkcs12_derivation = 0xbf5cbbe
                0x000000000bf5d04a                mbedtls_pkcs12_pbe = 0xbf5d04a
                0x000000000bf5cfba                mbedtls_pkcs12_pbe_sha1_rc4_128 = 0xbf5cfba
                0x000000000bf5c9a0                mbedtls_pkcs5_pbes2 = 0xbf5c9a0
                0x000000000bf5c874                mbedtls_pkcs5_pbkdf2_hmac = 0xbf5c874
                0x000000000bf5ea58                mbedtls_platform_set_calloc_free = 0xbf5ea58
                0x000000000bf582fc                mbedtls_platform_set_hardware_poll = 0xbf582fc
                0x000000000bf5eaf8                mbedtls_platform_set_printf = 0xbf5eaf8
                0x000000000bf5eab2                mbedtls_platform_set_snprintf = 0xbf5eab2
                0x000000000bf5ebcc                mbedtls_platform_set_time = 0xbf5ebcc
                0x000000000bf5ebec                mbedtls_platform_setup = 0xbf5ebec
                0x000000000bf5ec00                mbedtls_platform_teardown = 0xbf5ec00
                0x000000000bf5ec30                mbedtls_platform_zeroize = 0xbf5ec30
                0x000000000bf5c7e8                mbedtls_rsa_alt_info = 0xbf5c7e8
                0x000000000bf5f22e                mbedtls_rsa_deduce_crt = 0xbf5f22e
                0x000000000bf5ec38                mbedtls_rsa_deduce_primes = 0xbf5ec38
                0x000000000bf5ee74                mbedtls_rsa_deduce_private_exponent = 0xbf5ee74
                0x000000000bf5c818                mbedtls_rsa_info = 0xbf5c818
                0x000000000bf5ef38                mbedtls_rsa_validate_crt = 0xbf5ef38
                0x000000000bf5f048                mbedtls_rsa_validate_params = 0xbf5f048
                0x000000000bf60cbe                mbedtls_sha1 = 0xbf60cbe
                0x000000000bf5f30c                mbedtls_sha1_clone = 0xbf5f30c
                0x000000000bf60c86                mbedtls_sha1_finish = 0xbf60c86
                0x000000000bf60b28                mbedtls_sha1_finish_ret = 0xbf60b28
                0x000000000bf5f300                mbedtls_sha1_free = 0xbf5f300
                0x000000000bf5982c                mbedtls_sha1_info = 0xbf5982c
                0x000000000bf5f2f6                mbedtls_sha1_init = 0xbf5f2f6
                0x000000000bf60b12                mbedtls_sha1_process = 0xbf60b12
                0x000000000bf60c8a                mbedtls_sha1_ret = 0xbf60c8a
                0x000000000bf5f352                mbedtls_sha1_starts = 0xbf5f352
                0x000000000bf5f314                mbedtls_sha1_starts_ret = 0xbf5f314
                0x000000000bf60b20                mbedtls_sha1_update = 0xbf60b20
                0x000000000bf60b16                mbedtls_sha1_update_ret = 0xbf60b16
                0x000000000bf5985c                mbedtls_sha224_info = 0xbf5985c
                0x000000000bf60d08                mbedtls_sha256 = 0xbf60d08
                0x000000000bf5988c                mbedtls_sha256_info = 0xbf5988c
                0x000000000bf60cc2                mbedtls_sha256_ret = 0xbf60cc2
                0x000000000bf598bc                mbedtls_sha384_info = 0xbf598bc
                0x000000000bf62168                mbedtls_sha512 = 0xbf62168
                0x000000000bf60d22                mbedtls_sha512_clone = 0xbf60d22
                0x000000000bf62104                mbedtls_sha512_finish = 0xbf62104
                0x000000000bf61e00                mbedtls_sha512_finish_ret = 0xbf61e00
                0x000000000bf60d16                mbedtls_sha512_free = 0xbf60d16
                0x000000000bf598ec                mbedtls_sha512_info = 0xbf598ec
                0x000000000bf60d0c                mbedtls_sha512_init = 0xbf60d0c
                0x000000000bf61dea                mbedtls_sha512_process = 0xbf61dea
                0x000000000bf62108                mbedtls_sha512_ret = 0xbf62108
                0x000000000bf60e74                mbedtls_sha512_starts = 0xbf60e74
                0x000000000bf60d2a                mbedtls_sha512_starts_ret = 0xbf60d2a
                0x000000000bf61df8                mbedtls_sha512_update = 0xbf61df8
                0x000000000bf61dee                mbedtls_sha512_update_ret = 0xbf61dee
                0x000000000bf5831a                mbedtls_strerror = 0xbf5831a
                0x000000000bf5eb86                mbedtls_time = 0xbf5eb86
                0x000000000bf6405a                mbedtls_x509_crl_free = 0xbf6405a
                0x000000000bf63e16                mbedtls_x509_crl_info = 0xbf63e16
                0x000000000bf64050                mbedtls_x509_crl_init = 0xbf64050
                0x000000000bf63d5e                mbedtls_x509_crl_parse = 0xbf63d5e
                0x000000000bf638c2                mbedtls_x509_crl_parse_der = 0xbf638c2
                0x000000000bf6560a                mbedtls_x509_crt_check_extended_key_usage = 0xbf6560a
                0x000000000bf655fa                mbedtls_x509_crt_check_key_usage = 0xbf655fa
                0x000000000bf65c1c                mbedtls_x509_crt_free = 0xbf65c1c
                0x000000000bf64e1a                mbedtls_x509_crt_info = 0xbf64e1a
                0x000000000bf65c12                mbedtls_x509_crt_init = 0xbf65c12
                0x000000000bf6568c                mbedtls_x509_crt_is_revoked = 0xbf6568c
                0x000000000bf64cde                mbedtls_x509_crt_parse = 0xbf64cde
                0x000000000bf64ccc                mbedtls_x509_crt_parse_der = 0xbf64ccc
                0x000000000bf64cba                mbedtls_x509_crt_parse_der_nocopy = 0xbf64cba
                0x000000000bf65f40                mbedtls_x509_crt_profile_default = 0xbf65f40
                0x000000000bf65f50                mbedtls_x509_crt_profile_next = 0xbf65f50
                0x000000000bf65f60                mbedtls_x509_crt_profile_suiteb = 0xbf65f60
                0x000000000bf65be2                mbedtls_x509_crt_verify = 0xbf65be2
                0x000000000bf65548                mbedtls_x509_crt_verify_info = 0xbf65548
                0x000000000bf656d6                mbedtls_x509_crt_verify_restartable = 0xbf656d6
                0x000000000bf65c02                mbedtls_x509_crt_verify_with_profile = 0xbf65c02
                0x000000000bf668a8                mbedtls_x509_csr_free = 0xbf668a8
                0x000000000bf6676a                mbedtls_x509_csr_info = 0xbf6676a
                0x000000000bf6689e                mbedtls_x509_csr_init = 0xbf6689e
                0x000000000bf6669e                mbedtls_x509_csr_parse = 0xbf6669e
                0x000000000bf664b6                mbedtls_x509_csr_parse_der = 0xbf664b6
                0x000000000bf62cbc                mbedtls_x509_dn_gets = 0xbf62cbc
                0x000000000bf62536                mbedtls_x509_get_alg = 0xbf62536
                0x000000000bf6251e                mbedtls_x509_get_alg_null = 0xbf6251e
                0x000000000bf62c4a                mbedtls_x509_get_ext = 0xbf62c4a
                0x000000000bf62778                mbedtls_x509_get_name = 0xbf62778
                0x000000000bf6254e                mbedtls_x509_get_rsassa_pss_params = 0xbf6254e
                0x000000000bf624b0                mbedtls_x509_get_serial = 0xbf624b0
                0x000000000bf62b4e                mbedtls_x509_get_sig = 0xbf62b4e
                0x000000000bf62bac                mbedtls_x509_get_sig_alg = 0xbf62bac
                0x000000000bf628a4                mbedtls_x509_get_time = 0xbf628a4
                0x000000000bf63064                mbedtls_x509_key_size_helper = 0xbf63064
                0x000000000bf62e60                mbedtls_x509_serial_gets = 0xbf62e60
                0x000000000bf632d0                mbedtls_x509_set_extension = 0xbf632d0
                0x000000000bf62f70                mbedtls_x509_sig_alg_gets = 0xbf62f70
                0x000000000bf630fc                mbedtls_x509_string_to_names = 0xbf630fc
                0x000000000bf6309e                mbedtls_x509_time_is_future = 0xbf6309e
                0x000000000bf6309a                mbedtls_x509_time_is_past = 0xbf6309a
                0x000000000bf634b0                mbedtls_x509_write_extensions = 0xbf634b0
                0x000000000bf63314                mbedtls_x509_write_names = 0xbf63314
                0x000000000bf63402                mbedtls_x509_write_sig = 0xbf63402
                0x000000000bf66e66                mbedtls_x509write_crt_der = 0xbf66e66
                0x000000000bf66a58                mbedtls_x509write_crt_free = 0xbf66a58
                0x000000000bf66a32                mbedtls_x509write_crt_init = 0xbf66a32
                0x000000000bf67210                mbedtls_x509write_crt_pem = 0xbf67210
                0x000000000bf66cba                mbedtls_x509write_crt_set_authority_key_identifier = 0xbf66cba
                0x000000000bf66b1e                mbedtls_x509write_crt_set_basic_constraints = 0xbf66b1e
                0x000000000bf66b16                mbedtls_x509write_crt_set_extension = 0xbf66b16
                0x000000000bf66a9a                mbedtls_x509write_crt_set_issuer_key = 0xbf66a9a
                0x000000000bf66aa4                mbedtls_x509write_crt_set_issuer_name = 0xbf66aa4
                0x000000000bf66db6                mbedtls_x509write_crt_set_key_usage = 0xbf66db6
                0x000000000bf66a92                mbedtls_x509write_crt_set_md_alg = 0xbf66a92
                0x000000000bf66e1e                mbedtls_x509write_crt_set_ns_cert_type = 0xbf66e1e
                0x000000000bf66aaa                mbedtls_x509write_crt_set_serial = 0xbf66aaa
                0x000000000bf66a96                mbedtls_x509write_crt_set_subject_key = 0xbf66a96
                0x000000000bf66be6                mbedtls_x509write_crt_set_subject_key_identifier = 0xbf66be6
                0x000000000bf66a9e                mbedtls_x509write_crt_set_subject_name = 0xbf66a9e
                0x000000000bf66ab0                mbedtls_x509write_crt_set_validity = 0xbf66ab0
                0x000000000bf66a8e                mbedtls_x509write_crt_set_version = 0xbf66a8e
                0x000000000bf6738a                mbedtls_x509write_csr_der = 0xbf6738a
                0x000000000bf672bc                mbedtls_x509write_csr_free = 0xbf672bc
                0x000000000bf672b4                mbedtls_x509write_csr_init = 0xbf672b4
                0x000000000bf676c4                mbedtls_x509write_csr_pem = 0xbf676c4
                0x000000000bf672ee                mbedtls_x509write_csr_set_extension = 0xbf672ee
                0x000000000bf672e4                mbedtls_x509write_csr_set_key = 0xbf672e4
                0x000000000bf672fa                mbedtls_x509write_csr_set_key_usage = 0xbf672fa
                0x000000000bf672e0                mbedtls_x509write_csr_set_md_alg = 0xbf672e0
                0x000000000bf67342                mbedtls_x509write_csr_set_ns_cert_type = 0xbf67342
                0x000000000bf672e8                mbedtls_x509write_csr_set_subject_name = 0xbf672e8
                0x000000000bf67912                mbedtls_xtea_crypt_cbc = 0xbf67912
                0x000000000bf677d8                mbedtls_xtea_crypt_ecb = 0xbf677d8
                0x000000000bf67782                mbedtls_xtea_free = 0xbf67782
                0x000000000bf6777a                mbedtls_xtea_init = 0xbf6777a
                0x000000000bf6778c                mbedtls_xtea_setup = 0xbf6778c
LOAD ./platform/entry.o
LOAD ./platform/gd32vw55x_eclic.o
LOAD ./platform/gd32vw55x_fmc.o
LOAD ./platform/gd32vw55x_gpio.o
LOAD ./platform/gd32vw55x_rcu.o
LOAD ./platform/gd32vw55x_usart.o
LOAD ./platform/handlers.o
LOAD ./platform/env_init.o
LOAD ./platform/init_rom_symbol.o
LOAD ./platform/lib_hook_mbl.o
LOAD ./platform/start.o
LOAD ./platform/system_gd32vw55x.o
LOAD ./mainboot/mbl.o
LOAD ./mainboot/mbl_image_validate.o
LOAD d:/work/gd32embeddedbuilder_v1.5.2.30854/tools/nuclei_riscv_newlibc_prebuilt_win32_2022.04/gcc/bin/../lib/gcc/riscv-nuclei-elf/10.2.0/rv32imafcbp/ilp32f\libgcc.a
LOAD d:/work/gd32embeddedbuilder_v1.5.2.30854/tools/nuclei_riscv_newlibc_prebuilt_win32_2022.04/gcc/bin/../lib/gcc/riscv-nuclei-elf/10.2.0/../../../../riscv-nuclei-elf/lib/rv32imafcbp/ilp32f\libg_nano.a
LOAD d:/work/gd32embeddedbuilder_v1.5.2.30854/tools/nuclei_riscv_newlibc_prebuilt_win32_2022.04/gcc/bin/../lib/gcc/riscv-nuclei-elf/10.2.0/../../../../riscv-nuclei-elf/lib/rv32imafcbp/ilp32f\libc_nano.a
LOAD d:/work/gd32embeddedbuilder_v1.5.2.30854/tools/nuclei_riscv_newlibc_prebuilt_win32_2022.04/gcc/bin/../lib/gcc/riscv-nuclei-elf/10.2.0/rv32imafcbp/ilp32f\libgcc.a
START GROUP
LOAD d:/work/gd32embeddedbuilder_v1.5.2.30854/tools/nuclei_riscv_newlibc_prebuilt_win32_2022.04/gcc/bin/../lib/gcc/riscv-nuclei-elf/10.2.0/rv32imafcbp/ilp32f\libgcc.a
LOAD d:/work/gd32embeddedbuilder_v1.5.2.30854/tools/nuclei_riscv_newlibc_prebuilt_win32_2022.04/gcc/bin/../lib/gcc/riscv-nuclei-elf/10.2.0/../../../../riscv-nuclei-elf/lib/rv32imafcbp/ilp32f\libc_nano.a
LOAD d:/work/gd32embeddedbuilder_v1.5.2.30854/tools/nuclei_riscv_newlibc_prebuilt_win32_2022.04/gcc/bin/../lib/gcc/riscv-nuclei-elf/10.2.0/../../../../riscv-nuclei-elf/lib/rv32imafcbp/ilp32f\libnosys.a
END GROUP
START GROUP
LOAD d:/work/gd32embeddedbuilder_v1.5.2.30854/tools/nuclei_riscv_newlibc_prebuilt_win32_2022.04/gcc/bin/../lib/gcc/riscv-nuclei-elf/10.2.0/rv32imafcbp/ilp32f\libgcc.a
LOAD d:/work/gd32embeddedbuilder_v1.5.2.30854/tools/nuclei_riscv_newlibc_prebuilt_win32_2022.04/gcc/bin/../lib/gcc/riscv-nuclei-elf/10.2.0/../../../../riscv-nuclei-elf/lib/rv32imafcbp/ilp32f\libc_nano.a
LOAD d:/work/gd32embeddedbuilder_v1.5.2.30854/tools/nuclei_riscv_newlibc_prebuilt_win32_2022.04/gcc/bin/../lib/gcc/riscv-nuclei-elf/10.2.0/../../../../riscv-nuclei-elf/lib/rv32imafcbp/ilp32f\libnosys.a
END GROUP
                0x0000000000001000                __stack_size = 0x1000

.prefix         0x0000000008000000     0x1000
 *mbl.o*(.data.compat_prefix)
 .data.compat_prefix
                0x0000000008000000     0x1000 ./mainboot/mbl.o
                0x0000000008000000                compat_prefix

.init           0x0000000008001000      0x2ca
 *(SORT_NONE(.init))
 .init          0x0000000008001000      0x2ca ./platform/start.o
                0x00000000080011d0                _start

.ilalign        0x00000000080012ca        0x2
                0x00000000080012cc                . = ALIGN (0x4)
 *fill*         0x00000000080012ca        0x2 
                [!provide]                        PROVIDE (_ilm_lma = .)

.ialign         0x00000000080012cc        0x0
                [!provide]                        PROVIDE (_ilm = .)
                0x00000000080012cc                _sicode = LOADADDR (.code_to_sram)

.code_to_sram   0x0000000020000300        0x0 load address 0x00000000080012cc
                0x0000000020000300                . = ALIGN (0x4)
                0x0000000020000300                _scode = .
                0x0000000020000300                _ecode = .

.text           0x0000000008001300     0x3008
 *(.rodata .rodata.*)
 .rodata.rcu_clock_freq_get
                0x0000000008001300       0x18 ./platform/gd32vw55x_rcu.o
 .rodata        0x0000000008001318       0x10 ./platform/gd32vw55x_rcu.o
 .rodata.Exception_DumpFrame.str1.4
                0x0000000008001328       0xcf ./platform/handlers.o
 *fill*         0x00000000080013f7        0x1 
 .rodata.nmi_handler.str1.4
                0x00000000080013f8       0x55 ./platform/handlers.o
 *fill*         0x000000000800144d        0x3 
 .rodata.main.str1.4
                0x0000000008001450       0xbc ./mainboot/mbl.o
 .rodata.image_x_validate.str1.4
                0x000000000800150c      0x139 ./mainboot/mbl_image_validate.o
 *fill*         0x0000000008001645        0x3 
 .rodata.__sf_fake_stderr
                0x0000000008001648       0x20 d:/work/gd32embeddedbuilder_v1.5.2.30854/tools/nuclei_riscv_newlibc_prebuilt_win32_2022.04/gcc/bin/../lib/gcc/riscv-nuclei-elf/10.2.0/../../../../riscv-nuclei-elf/lib/rv32imafcbp/ilp32f\libg_nano.a(lib_a-findfp.o)
                0x0000000008001648                __sf_fake_stderr
 .rodata.__sf_fake_stdin
                0x0000000008001668       0x20 d:/work/gd32embeddedbuilder_v1.5.2.30854/tools/nuclei_riscv_newlibc_prebuilt_win32_2022.04/gcc/bin/../lib/gcc/riscv-nuclei-elf/10.2.0/../../../../riscv-nuclei-elf/lib/rv32imafcbp/ilp32f\libg_nano.a(lib_a-findfp.o)
                0x0000000008001668                __sf_fake_stdin
 .rodata.__sf_fake_stdout
                0x0000000008001688       0x20 d:/work/gd32embeddedbuilder_v1.5.2.30854/tools/nuclei_riscv_newlibc_prebuilt_win32_2022.04/gcc/bin/../lib/gcc/riscv-nuclei-elf/10.2.0/../../../../riscv-nuclei-elf/lib/rv32imafcbp/ilp32f\libg_nano.a(lib_a-findfp.o)
                0x0000000008001688                __sf_fake_stdout
 .rodata._vfprintf_r.str1.4
                0x00000000080016a8       0x13 d:/work/gd32embeddedbuilder_v1.5.2.30854/tools/nuclei_riscv_newlibc_prebuilt_win32_2022.04/gcc/bin/../lib/gcc/riscv-nuclei-elf/10.2.0/../../../../riscv-nuclei-elf/lib/rv32imafcbp/ilp32f\libg_nano.a(lib_a-nano-vfprintf.o)
 *fill*         0x00000000080016bb        0x1 
 .rodata._printf_i.str1.4
                0x00000000080016bc       0x25 d:/work/gd32embeddedbuilder_v1.5.2.30854/tools/nuclei_riscv_newlibc_prebuilt_win32_2022.04/gcc/bin/../lib/gcc/riscv-nuclei-elf/10.2.0/../../../../riscv-nuclei-elf/lib/rv32imafcbp/ilp32f\libg_nano.a(lib_a-nano-vfprintf_i.o)
 *fill*         0x00000000080016e1        0x3 
 .rodata._printf_i
                0x00000000080016e4       0x58 d:/work/gd32embeddedbuilder_v1.5.2.30854/tools/nuclei_riscv_newlibc_prebuilt_win32_2022.04/gcc/bin/../lib/gcc/riscv-nuclei-elf/10.2.0/../../../../riscv-nuclei-elf/lib/rv32imafcbp/ilp32f\libg_nano.a(lib_a-nano-vfprintf_i.o)
 *(.text.unlikely .text.unlikely.*)
 *(.text.startup .text.startup.*)
 .text.startup.main
                0x000000000800173c      0x2a2 ./mainboot/mbl.o
                0x000000000800173c                main
 *(.text .text.*)
 *fill*         0x00000000080019de       0x22 
 .text.trap     0x0000000008001a00       0xfc ./platform/entry.o
                0x0000000008001a00                exc_entry
 *fill*         0x0000000008001afc        0x0 
 .text.irq      0x0000000008001afc      0x136 ./platform/entry.o
                0x0000000008001afc                irq_entry
                0x0000000008001c30                default_intexc_handler
 .text.eclic_global_interrupt_enable
                0x0000000008001c32        0x8 ./platform/gd32vw55x_eclic.o
                0x0000000008001c32                eclic_global_interrupt_enable
 .text.eclic_level_threshold_set
                0x0000000008001c3a        0xa ./platform/gd32vw55x_eclic.o
                0x0000000008001c3a                eclic_level_threshold_set
 .text.eclic_priority_group_set
                0x0000000008001c44       0x24 ./platform/gd32vw55x_eclic.o
                0x0000000008001c44                eclic_priority_group_set
 .text.fmc_unlock
                0x0000000008001c68       0x22 ./platform/gd32vw55x_fmc.o
                0x0000000008001c68                fmc_unlock
 .text.fmc_lock
                0x0000000008001c8a        0xe ./platform/gd32vw55x_fmc.o
                0x0000000008001c8a                fmc_lock
 .text.ob_unlock
                0x0000000008001c98       0x22 ./platform/gd32vw55x_fmc.o
                0x0000000008001c98                ob_unlock
 .text.ob_lock  0x0000000008001cba        0xe ./platform/gd32vw55x_fmc.o
                0x0000000008001cba                ob_lock
 .text.fmc_offset_region_config
                0x0000000008001cc8       0x20 ./platform/gd32vw55x_fmc.o
                0x0000000008001cc8                fmc_offset_region_config
 .text.fmc_offset_value_config
                0x0000000008001ce8       0x14 ./platform/gd32vw55x_fmc.o
                0x0000000008001ce8                fmc_offset_value_config
 .text.gpio_mode_set
                0x0000000008001cfc       0x4e ./platform/gd32vw55x_gpio.o
                0x0000000008001cfc                gpio_mode_set
 .text.gpio_output_options_set
                0x0000000008001d4a       0x48 ./platform/gd32vw55x_gpio.o
                0x0000000008001d4a                gpio_output_options_set
 .text.gpio_af_set
                0x0000000008001d92       0x60 ./platform/gd32vw55x_gpio.o
                0x0000000008001d92                gpio_af_set
 .text.rcu_periph_clock_enable
                0x0000000008001df2       0x18 ./platform/gd32vw55x_rcu.o
                0x0000000008001df2                rcu_periph_clock_enable
 .text.rcu_periph_reset_enable
                0x0000000008001e0a       0x18 ./platform/gd32vw55x_rcu.o
                0x0000000008001e0a                rcu_periph_reset_enable
 .text.rcu_periph_reset_disable
                0x0000000008001e22       0x1c ./platform/gd32vw55x_rcu.o
                0x0000000008001e22                rcu_periph_reset_disable
 .text.rcu_clock_freq_get
                0x0000000008001e3e      0x176 ./platform/gd32vw55x_rcu.o
                0x0000000008001e3e                rcu_clock_freq_get
 .text.usart_deinit
                0x0000000008001fb4       0x5e ./platform/gd32vw55x_usart.o
                0x0000000008001fb4                usart_deinit
 .text.usart_baudrate_set
                0x0000000008002012       0x76 ./platform/gd32vw55x_usart.o
                0x0000000008002012                usart_baudrate_set
 .text.usart_enable
                0x0000000008002088        0xa ./platform/gd32vw55x_usart.o
                0x0000000008002088                usart_enable
 .text.usart_transmit_config
                0x0000000008002092        0xe ./platform/gd32vw55x_usart.o
                0x0000000008002092                usart_transmit_config
 .text.usart_receive_config
                0x00000000080020a0        0xe ./platform/gd32vw55x_usart.o
                0x00000000080020a0                usart_receive_config
 .text.usart_data_transmit
                0x00000000080020ae        0x8 ./platform/gd32vw55x_usart.o
                0x00000000080020ae                usart_data_transmit
 .text.usart_flag_get
                0x00000000080020b6       0x14 ./platform/gd32vw55x_usart.o
                0x00000000080020b6                usart_flag_get
 .text.usart_interrupt_enable
                0x00000000080020ca       0x14 ./platform/gd32vw55x_usart.o
                0x00000000080020ca                usart_interrupt_enable
 .text.Exception_Init
                0x00000000080020de       0x1a ./platform/handlers.o
                0x00000000080020de                Exception_Init
 .text.Exception_Register_EXC
                0x00000000080020f8       0x22 ./platform/handlers.o
                0x00000000080020f8                Exception_Register_EXC
 .text.core_exception_handler
                0x000000000800211a       0x4a ./platform/handlers.o
                0x000000000800211a                core_exception_handler
 .text.Exception_DumpFrame
                0x0000000008002164       0x84 ./platform/handlers.o
                0x0000000008002164                Exception_DumpFrame
 .text.nmi_handler
                0x00000000080021e8       0x58 ./platform/handlers.o
                0x00000000080021e8                nmi_handler
 .text.system_default_exception_handler
                0x0000000008002240       0x4c ./platform/handlers.o
 .text._premain_init
                0x000000000800228c       0x2e ./platform/env_init.o
                0x000000000800228c                _premain_init
 .text._postmain_fini
                0x00000000080022ba        0x2 ./platform/env_init.o
                0x00000000080022ba                _postmain_fini
 .text._init    0x00000000080022bc        0x2 ./platform/env_init.o
                0x00000000080022bc                _init
 .text._fini    0x00000000080022be        0x2 ./platform/env_init.o
                0x00000000080022be                _fini
 .text.rom_symbol_init
                0x00000000080022c0      0x892 ./platform/init_rom_symbol.o
                0x00000000080022c0                rom_symbol_init
 .text._close   0x0000000008002b52        0x4 ./platform/lib_hook_mbl.o
                0x0000000008002b52                _close
 .text._fstat   0x0000000008002b56        0x4 ./platform/lib_hook_mbl.o
                0x0000000008002b56                _fstat
 .text._isatty  0x0000000008002b5a        0x4 ./platform/lib_hook_mbl.o
                0x0000000008002b5a                _isatty
 .text._lseek   0x0000000008002b5e        0x4 ./platform/lib_hook_mbl.o
                0x0000000008002b5e                _lseek
 .text._read    0x0000000008002b62        0x4 ./platform/lib_hook_mbl.o
                0x0000000008002b62                _read
 .text.system_clock_160m_40m_hxtal
                0x0000000008002b66       0xc4 ./platform/system_gd32vw55x.o
 .text.SystemInit
                0x0000000008002c2a       0x6e ./platform/system_gd32vw55x.o
                0x0000000008002c2a                SystemInit
 .text._write   0x0000000008002c98       0x58 ./mainboot/mbl.o
                0x0000000008002c98                _write
 .text.log_uart_idle_wait
                0x0000000008002cf0       0x14 ./mainboot/mbl.o
                0x0000000008002cf0                log_uart_idle_wait
 .text.flash_offset_mapping
                0x0000000008002d04       0x28 ./mainboot/mbl.o
                0x0000000008002d04                flash_offset_mapping
 .text.reloc_iv
                0x0000000008002d2c        0x8 ./mainboot/mbl.o
                0x0000000008002d2c                reloc_iv
 .text.boot_image_find
                0x0000000008002d34      0x10c ./mainboot/mbl_image_validate.o
                0x0000000008002d34                boot_image_find
 .text.image_x_validate
                0x0000000008002e40      0x102 ./mainboot/mbl_image_validate.o
                0x0000000008002e40                image_x_validate
 .text          0x0000000008002f42       0x60 d:/work/gd32embeddedbuilder_v1.5.2.30854/tools/nuclei_riscv_newlibc_prebuilt_win32_2022.04/gcc/bin/../lib/gcc/riscv-nuclei-elf/10.2.0/rv32imafcbp/ilp32f\libgcc.a(save-restore.o)
                0x0000000008002f42                __riscv_save_12
                0x0000000008002f4a                __riscv_save_9
                0x0000000008002f4a                __riscv_save_11
                0x0000000008002f4a                __riscv_save_10
                0x0000000008002f4a                __riscv_save_8
                0x0000000008002f58                __riscv_save_4
                0x0000000008002f58                __riscv_save_6
                0x0000000008002f58                __riscv_save_5
                0x0000000008002f58                __riscv_save_7
                0x0000000008002f72                __riscv_save_3
                0x0000000008002f72                __riscv_save_2
                0x0000000008002f72                __riscv_save_1
                0x0000000008002f72                __riscv_save_0
                0x0000000008002f7e                __riscv_restore_12
                0x0000000008002f82                __riscv_restore_11
                0x0000000008002f82                __riscv_restore_9
                0x0000000008002f82                __riscv_restore_10
                0x0000000008002f82                __riscv_restore_8
                0x0000000008002f8c                __riscv_restore_5
                0x0000000008002f8c                __riscv_restore_7
                0x0000000008002f8c                __riscv_restore_6
                0x0000000008002f8c                __riscv_restore_4
                0x0000000008002f96                __riscv_restore_3
                0x0000000008002f96                __riscv_restore_0
                0x0000000008002f96                __riscv_restore_2
                0x0000000008002f96                __riscv_restore_1
 .text.atexit   0x0000000008002fa2        0xa d:/work/gd32embeddedbuilder_v1.5.2.30854/tools/nuclei_riscv_newlibc_prebuilt_win32_2022.04/gcc/bin/../lib/gcc/riscv-nuclei-elf/10.2.0/../../../../riscv-nuclei-elf/lib/rv32imafcbp/ilp32f\libg_nano.a(lib_a-atexit.o)
                0x0000000008002fa2                atexit
 .text.__libc_fini_array
                0x0000000008002fac       0x34 d:/work/gd32embeddedbuilder_v1.5.2.30854/tools/nuclei_riscv_newlibc_prebuilt_win32_2022.04/gcc/bin/../lib/gcc/riscv-nuclei-elf/10.2.0/../../../../riscv-nuclei-elf/lib/rv32imafcbp/ilp32f\libg_nano.a(lib_a-fini.o)
                0x0000000008002fac                __libc_fini_array
 .text.__libc_init_array
                0x0000000008002fe0       0x5e d:/work/gd32embeddedbuilder_v1.5.2.30854/tools/nuclei_riscv_newlibc_prebuilt_win32_2022.04/gcc/bin/../lib/gcc/riscv-nuclei-elf/10.2.0/../../../../riscv-nuclei-elf/lib/rv32imafcbp/ilp32f\libg_nano.a(lib_a-init.o)
                0x0000000008002fe0                __libc_init_array
 .text          0x000000000800303e       0xa8 d:/work/gd32embeddedbuilder_v1.5.2.30854/tools/nuclei_riscv_newlibc_prebuilt_win32_2022.04/gcc/bin/../lib/gcc/riscv-nuclei-elf/10.2.0/../../../../riscv-nuclei-elf/lib/rv32imafcbp/ilp32f\libg_nano.a(lib_a-memset.o)
                0x000000000800303e                memset
 .text.printf   0x00000000080030e6       0x3e d:/work/gd32embeddedbuilder_v1.5.2.30854/tools/nuclei_riscv_newlibc_prebuilt_win32_2022.04/gcc/bin/../lib/gcc/riscv-nuclei-elf/10.2.0/../../../../riscv-nuclei-elf/lib/rv32imafcbp/ilp32f\libg_nano.a(lib_a-printf.o)
                0x00000000080030e6                iprintf
                0x00000000080030e6                printf
 .text._puts_r  0x0000000008003124       0xda d:/work/gd32embeddedbuilder_v1.5.2.30854/tools/nuclei_riscv_newlibc_prebuilt_win32_2022.04/gcc/bin/../lib/gcc/riscv-nuclei-elf/10.2.0/../../../../riscv-nuclei-elf/lib/rv32imafcbp/ilp32f\libg_nano.a(lib_a-puts.o)
                0x0000000008003124                _puts_r
 .text.puts     0x00000000080031fe        0xc d:/work/gd32embeddedbuilder_v1.5.2.30854/tools/nuclei_riscv_newlibc_prebuilt_win32_2022.04/gcc/bin/../lib/gcc/riscv-nuclei-elf/10.2.0/../../../../riscv-nuclei-elf/lib/rv32imafcbp/ilp32f\libg_nano.a(lib_a-puts.o)
                0x00000000080031fe                puts
 .text.__swbuf_r
                0x000000000800320a       0xc0 d:/work/gd32embeddedbuilder_v1.5.2.30854/tools/nuclei_riscv_newlibc_prebuilt_win32_2022.04/gcc/bin/../lib/gcc/riscv-nuclei-elf/10.2.0/../../../../riscv-nuclei-elf/lib/rv32imafcbp/ilp32f\libg_nano.a(lib_a-wbuf.o)
                0x000000000800320a                __swbuf_r
 .text.__swsetup_r
                0x00000000080032ca      0x106 d:/work/gd32embeddedbuilder_v1.5.2.30854/tools/nuclei_riscv_newlibc_prebuilt_win32_2022.04/gcc/bin/../lib/gcc/riscv-nuclei-elf/10.2.0/../../../../riscv-nuclei-elf/lib/rv32imafcbp/ilp32f\libg_nano.a(lib_a-wsetup.o)
                0x00000000080032ca                __swsetup_r
 .text.__register_exitproc
                0x00000000080033d0       0x74 d:/work/gd32embeddedbuilder_v1.5.2.30854/tools/nuclei_riscv_newlibc_prebuilt_win32_2022.04/gcc/bin/../lib/gcc/riscv-nuclei-elf/10.2.0/../../../../riscv-nuclei-elf/lib/rv32imafcbp/ilp32f\libg_nano.a(lib_a-__atexit.o)
                0x00000000080033d0                __register_exitproc
 .text.__sflush_r
                0x0000000008003444      0x13a d:/work/gd32embeddedbuilder_v1.5.2.30854/tools/nuclei_riscv_newlibc_prebuilt_win32_2022.04/gcc/bin/../lib/gcc/riscv-nuclei-elf/10.2.0/../../../../riscv-nuclei-elf/lib/rv32imafcbp/ilp32f\libg_nano.a(lib_a-fflush.o)
                0x0000000008003444                __sflush_r
 .text._fflush_r
                0x000000000800357e       0x64 d:/work/gd32embeddedbuilder_v1.5.2.30854/tools/nuclei_riscv_newlibc_prebuilt_win32_2022.04/gcc/bin/../lib/gcc/riscv-nuclei-elf/10.2.0/../../../../riscv-nuclei-elf/lib/rv32imafcbp/ilp32f\libg_nano.a(lib_a-fflush.o)
                0x000000000800357e                _fflush_r
 .text.std      0x00000000080035e2       0x6a d:/work/gd32embeddedbuilder_v1.5.2.30854/tools/nuclei_riscv_newlibc_prebuilt_win32_2022.04/gcc/bin/../lib/gcc/riscv-nuclei-elf/10.2.0/../../../../riscv-nuclei-elf/lib/rv32imafcbp/ilp32f\libg_nano.a(lib_a-findfp.o)
 .text._cleanup_r
                0x000000000800364c        0xa d:/work/gd32embeddedbuilder_v1.5.2.30854/tools/nuclei_riscv_newlibc_prebuilt_win32_2022.04/gcc/bin/../lib/gcc/riscv-nuclei-elf/10.2.0/../../../../riscv-nuclei-elf/lib/rv32imafcbp/ilp32f\libg_nano.a(lib_a-findfp.o)
                0x000000000800364c                _cleanup_r
 .text.__sfmoreglue
                0x0000000008003656       0x46 d:/work/gd32embeddedbuilder_v1.5.2.30854/tools/nuclei_riscv_newlibc_prebuilt_win32_2022.04/gcc/bin/../lib/gcc/riscv-nuclei-elf/10.2.0/../../../../riscv-nuclei-elf/lib/rv32imafcbp/ilp32f\libg_nano.a(lib_a-findfp.o)
                0x0000000008003656                __sfmoreglue
 .text.__sinit  0x000000000800369c       0x6a d:/work/gd32embeddedbuilder_v1.5.2.30854/tools/nuclei_riscv_newlibc_prebuilt_win32_2022.04/gcc/bin/../lib/gcc/riscv-nuclei-elf/10.2.0/../../../../riscv-nuclei-elf/lib/rv32imafcbp/ilp32f\libg_nano.a(lib_a-findfp.o)
                0x000000000800369c                __sinit
 .text.__sfp    0x0000000008003706       0x9e d:/work/gd32embeddedbuilder_v1.5.2.30854/tools/nuclei_riscv_newlibc_prebuilt_win32_2022.04/gcc/bin/../lib/gcc/riscv-nuclei-elf/10.2.0/../../../../riscv-nuclei-elf/lib/rv32imafcbp/ilp32f\libg_nano.a(lib_a-findfp.o)
                0x0000000008003706                __sfp
 .text._fwalk_reent
                0x00000000080037a4       0x6a d:/work/gd32embeddedbuilder_v1.5.2.30854/tools/nuclei_riscv_newlibc_prebuilt_win32_2022.04/gcc/bin/../lib/gcc/riscv-nuclei-elf/10.2.0/../../../../riscv-nuclei-elf/lib/rv32imafcbp/ilp32f\libg_nano.a(lib_a-fwalk.o)
                0x00000000080037a4                _fwalk_reent
 .text.__swhatbuf_r
                0x000000000800380e       0x5c d:/work/gd32embeddedbuilder_v1.5.2.30854/tools/nuclei_riscv_newlibc_prebuilt_win32_2022.04/gcc/bin/../lib/gcc/riscv-nuclei-elf/10.2.0/../../../../riscv-nuclei-elf/lib/rv32imafcbp/ilp32f\libg_nano.a(lib_a-makebuf.o)
                0x000000000800380e                __swhatbuf_r
 .text.__smakebuf_r
                0x000000000800386a       0xa0 d:/work/gd32embeddedbuilder_v1.5.2.30854/tools/nuclei_riscv_newlibc_prebuilt_win32_2022.04/gcc/bin/../lib/gcc/riscv-nuclei-elf/10.2.0/../../../../riscv-nuclei-elf/lib/rv32imafcbp/ilp32f\libg_nano.a(lib_a-makebuf.o)
                0x000000000800386a                __smakebuf_r
 .text._free_r  0x000000000800390a       0xa2 d:/work/gd32embeddedbuilder_v1.5.2.30854/tools/nuclei_riscv_newlibc_prebuilt_win32_2022.04/gcc/bin/../lib/gcc/riscv-nuclei-elf/10.2.0/../../../../riscv-nuclei-elf/lib/rv32imafcbp/ilp32f\libg_nano.a(lib_a-nano-freer.o)
                0x000000000800390a                _free_r
 .text._malloc_r
                0x00000000080039ac       0xd2 d:/work/gd32embeddedbuilder_v1.5.2.30854/tools/nuclei_riscv_newlibc_prebuilt_win32_2022.04/gcc/bin/../lib/gcc/riscv-nuclei-elf/10.2.0/../../../../riscv-nuclei-elf/lib/rv32imafcbp/ilp32f\libg_nano.a(lib_a-nano-mallocr.o)
                0x00000000080039ac                _malloc_r
 .text.__sfputc_r
                0x0000000008003a7e       0x2a d:/work/gd32embeddedbuilder_v1.5.2.30854/tools/nuclei_riscv_newlibc_prebuilt_win32_2022.04/gcc/bin/../lib/gcc/riscv-nuclei-elf/10.2.0/../../../../riscv-nuclei-elf/lib/rv32imafcbp/ilp32f\libg_nano.a(lib_a-nano-vfprintf.o)
 .text.__sfputs_r
                0x0000000008003aa8       0x42 d:/work/gd32embeddedbuilder_v1.5.2.30854/tools/nuclei_riscv_newlibc_prebuilt_win32_2022.04/gcc/bin/../lib/gcc/riscv-nuclei-elf/10.2.0/../../../../riscv-nuclei-elf/lib/rv32imafcbp/ilp32f\libg_nano.a(lib_a-nano-vfprintf.o)
                0x0000000008003aa8                __sfputs_r
 .text._vfprintf_r
                0x0000000008003aea      0x28e d:/work/gd32embeddedbuilder_v1.5.2.30854/tools/nuclei_riscv_newlibc_prebuilt_win32_2022.04/gcc/bin/../lib/gcc/riscv-nuclei-elf/10.2.0/../../../../riscv-nuclei-elf/lib/rv32imafcbp/ilp32f\libg_nano.a(lib_a-nano-vfprintf.o)
                0x0000000008003aea                _vfprintf_r
                0x0000000008003aea                _vfiprintf_r
 .text._printf_common
                0x0000000008003d78      0x10a d:/work/gd32embeddedbuilder_v1.5.2.30854/tools/nuclei_riscv_newlibc_prebuilt_win32_2022.04/gcc/bin/../lib/gcc/riscv-nuclei-elf/10.2.0/../../../../riscv-nuclei-elf/lib/rv32imafcbp/ilp32f\libg_nano.a(lib_a-nano-vfprintf_i.o)
                0x0000000008003d78                _printf_common
 .text._printf_i
                0x0000000008003e82      0x26c d:/work/gd32embeddedbuilder_v1.5.2.30854/tools/nuclei_riscv_newlibc_prebuilt_win32_2022.04/gcc/bin/../lib/gcc/riscv-nuclei-elf/10.2.0/../../../../riscv-nuclei-elf/lib/rv32imafcbp/ilp32f\libg_nano.a(lib_a-nano-vfprintf_i.o)
                0x0000000008003e82                _printf_i
 .text._sbrk_r  0x00000000080040ee       0x26 d:/work/gd32embeddedbuilder_v1.5.2.30854/tools/nuclei_riscv_newlibc_prebuilt_win32_2022.04/gcc/bin/../lib/gcc/riscv-nuclei-elf/10.2.0/../../../../riscv-nuclei-elf/lib/rv32imafcbp/ilp32f\libg_nano.a(lib_a-sbrkr.o)
                0x00000000080040ee                _sbrk_r
 .text.__sread  0x0000000008004114       0x2e d:/work/gd32embeddedbuilder_v1.5.2.30854/tools/nuclei_riscv_newlibc_prebuilt_win32_2022.04/gcc/bin/../lib/gcc/riscv-nuclei-elf/10.2.0/../../../../riscv-nuclei-elf/lib/rv32imafcbp/ilp32f\libg_nano.a(lib_a-stdio.o)
                0x0000000008004114                __sread
 .text.__swrite
                0x0000000008004142       0x4c d:/work/gd32embeddedbuilder_v1.5.2.30854/tools/nuclei_riscv_newlibc_prebuilt_win32_2022.04/gcc/bin/../lib/gcc/riscv-nuclei-elf/10.2.0/../../../../riscv-nuclei-elf/lib/rv32imafcbp/ilp32f\libg_nano.a(lib_a-stdio.o)
                0x0000000008004142                __swrite
 .text.__sseek  0x000000000800418e       0x34 d:/work/gd32embeddedbuilder_v1.5.2.30854/tools/nuclei_riscv_newlibc_prebuilt_win32_2022.04/gcc/bin/../lib/gcc/riscv-nuclei-elf/10.2.0/../../../../riscv-nuclei-elf/lib/rv32imafcbp/ilp32f\libg_nano.a(lib_a-stdio.o)
                0x000000000800418e                __sseek
 .text.__sclose
                0x00000000080041c2        0x6 d:/work/gd32embeddedbuilder_v1.5.2.30854/tools/nuclei_riscv_newlibc_prebuilt_win32_2022.04/gcc/bin/../lib/gcc/riscv-nuclei-elf/10.2.0/../../../../riscv-nuclei-elf/lib/rv32imafcbp/ilp32f\libg_nano.a(lib_a-stdio.o)
                0x00000000080041c2                __sclose
 .text._write_r
                0x00000000080041c8       0x2c d:/work/gd32embeddedbuilder_v1.5.2.30854/tools/nuclei_riscv_newlibc_prebuilt_win32_2022.04/gcc/bin/../lib/gcc/riscv-nuclei-elf/10.2.0/../../../../riscv-nuclei-elf/lib/rv32imafcbp/ilp32f\libg_nano.a(lib_a-writer.o)
                0x00000000080041c8                _write_r
 .text._close_r
                0x00000000080041f4       0x28 d:/work/gd32embeddedbuilder_v1.5.2.30854/tools/nuclei_riscv_newlibc_prebuilt_win32_2022.04/gcc/bin/../lib/gcc/riscv-nuclei-elf/10.2.0/../../../../riscv-nuclei-elf/lib/rv32imafcbp/ilp32f\libg_nano.a(lib_a-closer.o)
                0x00000000080041f4                _close_r
 .text._fstat_r
                0x000000000800421c       0x2a d:/work/gd32embeddedbuilder_v1.5.2.30854/tools/nuclei_riscv_newlibc_prebuilt_win32_2022.04/gcc/bin/../lib/gcc/riscv-nuclei-elf/10.2.0/../../../../riscv-nuclei-elf/lib/rv32imafcbp/ilp32f\libg_nano.a(lib_a-fstatr.o)
                0x000000000800421c                _fstat_r
 .text._isatty_r
                0x0000000008004246       0x28 d:/work/gd32embeddedbuilder_v1.5.2.30854/tools/nuclei_riscv_newlibc_prebuilt_win32_2022.04/gcc/bin/../lib/gcc/riscv-nuclei-elf/10.2.0/../../../../riscv-nuclei-elf/lib/rv32imafcbp/ilp32f\libg_nano.a(lib_a-isattyr.o)
                0x0000000008004246                _isatty_r
 .text._lseek_r
                0x000000000800426e       0x2c d:/work/gd32embeddedbuilder_v1.5.2.30854/tools/nuclei_riscv_newlibc_prebuilt_win32_2022.04/gcc/bin/../lib/gcc/riscv-nuclei-elf/10.2.0/../../../../riscv-nuclei-elf/lib/rv32imafcbp/ilp32f\libg_nano.a(lib_a-lseekr.o)
                0x000000000800426e                _lseek_r
 .text.memchr   0x000000000800429a       0x1a d:/work/gd32embeddedbuilder_v1.5.2.30854/tools/nuclei_riscv_newlibc_prebuilt_win32_2022.04/gcc/bin/../lib/gcc/riscv-nuclei-elf/10.2.0/../../../../riscv-nuclei-elf/lib/rv32imafcbp/ilp32f\libg_nano.a(lib_a-memchr.o)
                0x000000000800429a                memchr
 .text.__malloc_lock
                0x00000000080042b4        0x2 d:/work/gd32embeddedbuilder_v1.5.2.30854/tools/nuclei_riscv_newlibc_prebuilt_win32_2022.04/gcc/bin/../lib/gcc/riscv-nuclei-elf/10.2.0/../../../../riscv-nuclei-elf/lib/rv32imafcbp/ilp32f\libg_nano.a(lib_a-mlock.o)
                0x00000000080042b4                __malloc_lock
 .text.__malloc_unlock
                0x00000000080042b6        0x2 d:/work/gd32embeddedbuilder_v1.5.2.30854/tools/nuclei_riscv_newlibc_prebuilt_win32_2022.04/gcc/bin/../lib/gcc/riscv-nuclei-elf/10.2.0/../../../../riscv-nuclei-elf/lib/rv32imafcbp/ilp32f\libg_nano.a(lib_a-mlock.o)
                0x00000000080042b6                __malloc_unlock
 .text._read_r  0x00000000080042b8       0x2c d:/work/gd32embeddedbuilder_v1.5.2.30854/tools/nuclei_riscv_newlibc_prebuilt_win32_2022.04/gcc/bin/../lib/gcc/riscv-nuclei-elf/10.2.0/../../../../riscv-nuclei-elf/lib/rv32imafcbp/ilp32f\libg_nano.a(lib_a-readr.o)
                0x00000000080042b8                _read_r
 .text          0x00000000080042e4       0x20 d:/work/gd32embeddedbuilder_v1.5.2.30854/tools/nuclei_riscv_newlibc_prebuilt_win32_2022.04/gcc/bin/../lib/gcc/riscv-nuclei-elf/10.2.0/../../../../riscv-nuclei-elf/lib/rv32imafcbp/ilp32f\libnosys.a(sbrk.o)
                0x00000000080042e4                _sbrk
 *(.gnu.linkonce.t.*)
 *(.srodata .srodata.*)
 *fill*         0x0000000008004304        0x0 
 .srodata._global_impure_ptr
                0x0000000008004304        0x4 d:/work/gd32embeddedbuilder_v1.5.2.30854/tools/nuclei_riscv_newlibc_prebuilt_win32_2022.04/gcc/bin/../lib/gcc/riscv-nuclei-elf/10.2.0/../../../../riscv-nuclei-elf/lib/rv32imafcbp/ilp32f\libg_nano.a(lib_a-impure.o)
                0x0000000008004304                _global_impure_ptr

.rela.dyn       0x0000000008004308        0x0
 .rela.init     0x0000000008004308        0x0 ./platform/entry.o
 .rela.text.__libc_fini_array
                0x0000000008004308        0x0 ./platform/entry.o
 .rela.text.__libc_init_array
                0x0000000008004308        0x0 ./platform/entry.o
 .rela.text.__register_exitproc
                0x0000000008004308        0x0 ./platform/entry.o
 .rela.text._vfprintf_r
                0x0000000008004308        0x0 ./platform/entry.o
 .rela.text     0x0000000008004308        0x0 ./platform/entry.o

.fini
 *(SORT_NONE(.fini))
                0x0000000008004308                . = ALIGN (0x4)
                [!provide]                        PROVIDE (__etext = .)
                [!provide]                        PROVIDE (_etext = .)
                [!provide]                        PROVIDE (etext = .)
                [!provide]                        PROVIDE (_eilm = .)

.preinit_array  0x0000000008004308        0x0
                0x0000000008004308                PROVIDE (__preinit_array_start = .)
 *(.preinit_array)
                0x0000000008004308                PROVIDE (__preinit_array_end = .)

.init_array     0x0000000008004308        0x0
                0x0000000008004308                PROVIDE (__init_array_start = .)
 *(SORT_BY_INIT_PRIORITY(.init_array.*) SORT_BY_INIT_PRIORITY(.ctors.*))
 *(.init_array EXCLUDE_FILE(*crtend?.o *crtend.o *crtbegin?.o *crtbegin.o) .ctors)
                0x0000000008004308                PROVIDE (__init_array_end = .)

.fini_array     0x0000000008004308        0x0
                0x0000000008004308                PROVIDE (__fini_array_start = .)
 *(SORT_BY_INIT_PRIORITY(.fini_array.*) SORT_BY_INIT_PRIORITY(.dtors.*))
 *(.fini_array EXCLUDE_FILE(*crtend?.o *crtend.o *crtbegin?.o *crtbegin.o) .dtors)
                0x0000000008004308                PROVIDE (__fini_array_end = .)

.ctors
 *crtbegin.o(.ctors)
 *crtbegin?.o(.ctors)
 *(EXCLUDE_FILE(*crtend?.o *crtend.o) .ctors)
 *(SORT_BY_NAME(.ctors.*))
 *(.ctors)

.dtors
 *crtbegin.o(.dtors)
 *crtbegin?.o(.dtors)
 *(EXCLUDE_FILE(*crtend?.o *crtend.o) .dtors)
 *(SORT_BY_NAME(.dtors.*))
 *(.dtors)
                0x0000000008004308                . = ALIGN (0x4)
                [!provide]                        PROVIDE (_eilm = .)

.lalign         0x0000000008004308        0x0
                0x0000000008004308                . = ALIGN (0x4)
                0x0000000008004308                PROVIDE (_data_lma = .)

.dalign         0x0000000020000300        0x0 load address 0x0000000008004308
                0x0000000020000300                . = ALIGN (0x4)
                0x0000000020000300                PROVIDE (_data = .)

.data           0x0000000020000300       0x68 load address 0x0000000008004308
 *(.rdata)
 *(.gnu.linkonce.r.*)
 *(.data .data.*)
 .data.impure_data
                0x0000000020000300       0x60 d:/work/gd32embeddedbuilder_v1.5.2.30854/tools/nuclei_riscv_newlibc_prebuilt_win32_2022.04/gcc/bin/../lib/gcc/riscv-nuclei-elf/10.2.0/../../../../riscv-nuclei-elf/lib/rv32imafcbp/ilp32f\libg_nano.a(lib_a-impure.o)
 *(.gnu.linkonce.d.*)
                0x0000000020000360                . = ALIGN (0x8)
                0x0000000020000b60                PROVIDE (__global_pointer$ = (. + 0x800))
 *(.sdata .sdata.*)
 .sdata.p_rom_api
                0x0000000020000360        0x4 ./mainboot/mbl.o
                0x0000000020000360                p_rom_api
 .sdata._impure_ptr
                0x0000000020000364        0x4 d:/work/gd32embeddedbuilder_v1.5.2.30854/tools/nuclei_riscv_newlibc_prebuilt_win32_2022.04/gcc/bin/../lib/gcc/riscv-nuclei-elf/10.2.0/../../../../riscv-nuclei-elf/lib/rv32imafcbp/ilp32f\libg_nano.a(lib_a-impure.o)
                0x0000000020000364                _impure_ptr
 *(.gnu.linkonce.s.*)
                0x0000000020000368                . = ALIGN (0x8)
                0x0000000020000368                . = ALIGN (0x4)
                0x0000000020000368                PROVIDE (_edata = .)
                [!provide]                        PROVIDE (edata = .)
                [!provide]                        PROVIDE (_fbss = .)
                0x0000000020000368                PROVIDE (__bss_start = .)

.bss            0x0000000020000368     0x32ac
 *(.sbss*)
 .sbss.ecp_supported_curves
                0x0000000020000368        0x4 ./platform/init_rom_symbol.o
                0x0000000020000368                ecp_supported_curves
 .sbss.mbedtls_ecdsa_free_fn
                0x000000002000036c        0x4 ./platform/init_rom_symbol.o
                0x000000002000036c                mbedtls_ecdsa_free_fn
 .sbss.mbedtls_ecdsa_from_keypair_fn
                0x0000000020000370        0x4 ./platform/init_rom_symbol.o
                0x0000000020000370                mbedtls_ecdsa_from_keypair_fn
 .sbss.mbedtls_ecdsa_genkey_fn
                0x0000000020000374        0x4 ./platform/init_rom_symbol.o
                0x0000000020000374                mbedtls_ecdsa_genkey_fn
 .sbss.mbedtls_ecdsa_init_fn
                0x0000000020000378        0x4 ./platform/init_rom_symbol.o
                0x0000000020000378                mbedtls_ecdsa_init_fn
 .sbss.mbedtls_ecdsa_read_signature_fn
                0x000000002000037c        0x4 ./platform/init_rom_symbol.o
                0x000000002000037c                mbedtls_ecdsa_read_signature_fn
 .sbss.mbedtls_ecdsa_read_signature_restartable_fn
                0x0000000020000380        0x4 ./platform/init_rom_symbol.o
                0x0000000020000380                mbedtls_ecdsa_read_signature_restartable_fn
 .sbss.mbedtls_ecdsa_sign_det_fn
                0x0000000020000384        0x4 ./platform/init_rom_symbol.o
                0x0000000020000384                mbedtls_ecdsa_sign_det_fn
 .sbss.mbedtls_ecdsa_sign_fn
                0x0000000020000388        0x4 ./platform/init_rom_symbol.o
                0x0000000020000388                mbedtls_ecdsa_sign_fn
 .sbss.mbedtls_ecdsa_verify_fn
                0x000000002000038c        0x4 ./platform/init_rom_symbol.o
                0x000000002000038c                mbedtls_ecdsa_verify_fn
 .sbss.mbedtls_ecdsa_write_signature_det_fn
                0x0000000020000390        0x4 ./platform/init_rom_symbol.o
                0x0000000020000390                mbedtls_ecdsa_write_signature_det_fn
 .sbss.mbedtls_ecdsa_write_signature_fn
                0x0000000020000394        0x4 ./platform/init_rom_symbol.o
                0x0000000020000394                mbedtls_ecdsa_write_signature_fn
 .sbss.mbedtls_ecdsa_write_signature_restartable_fn
                0x0000000020000398        0x4 ./platform/init_rom_symbol.o
                0x0000000020000398                mbedtls_ecdsa_write_signature_restartable_fn
 .sbss.mbedtls_ecp_check_privkey_fn
                0x000000002000039c        0x4 ./platform/init_rom_symbol.o
                0x000000002000039c                mbedtls_ecp_check_privkey_fn
 .sbss.mbedtls_ecp_check_pub_priv_fn
                0x00000000200003a0        0x4 ./platform/init_rom_symbol.o
                0x00000000200003a0                mbedtls_ecp_check_pub_priv_fn
 .sbss.mbedtls_ecp_check_pubkey_fn
                0x00000000200003a4        0x4 ./platform/init_rom_symbol.o
                0x00000000200003a4                mbedtls_ecp_check_pubkey_fn
 .sbss.mbedtls_ecp_copy_fn
                0x00000000200003a8        0x4 ./platform/init_rom_symbol.o
                0x00000000200003a8                mbedtls_ecp_copy_fn
 .sbss.mbedtls_ecp_curve_info_from_grp_id_fn
                0x00000000200003ac        0x4 ./platform/init_rom_symbol.o
                0x00000000200003ac                mbedtls_ecp_curve_info_from_grp_id_fn
 .sbss.mbedtls_ecp_curve_info_from_name_fn
                0x00000000200003b0        0x4 ./platform/init_rom_symbol.o
                0x00000000200003b0                mbedtls_ecp_curve_info_from_name_fn
 .sbss.mbedtls_ecp_curve_info_from_tls_id_fn
                0x00000000200003b4        0x4 ./platform/init_rom_symbol.o
                0x00000000200003b4                mbedtls_ecp_curve_info_from_tls_id_fn
 .sbss.mbedtls_ecp_curve_list_fn
                0x00000000200003b8        0x4 ./platform/init_rom_symbol.o
                0x00000000200003b8                mbedtls_ecp_curve_list_fn
 .sbss.mbedtls_ecp_gen_key_fn
                0x00000000200003bc        0x4 ./platform/init_rom_symbol.o
                0x00000000200003bc                mbedtls_ecp_gen_key_fn
 .sbss.mbedtls_ecp_gen_keypair_base_fn
                0x00000000200003c0        0x4 ./platform/init_rom_symbol.o
                0x00000000200003c0                mbedtls_ecp_gen_keypair_base_fn
 .sbss.mbedtls_ecp_gen_keypair_fn
                0x00000000200003c4        0x4 ./platform/init_rom_symbol.o
                0x00000000200003c4                mbedtls_ecp_gen_keypair_fn
 .sbss.mbedtls_ecp_gen_privkey_fn
                0x00000000200003c8        0x4 ./platform/init_rom_symbol.o
                0x00000000200003c8                mbedtls_ecp_gen_privkey_fn
 .sbss.mbedtls_ecp_group_copy_fn
                0x00000000200003cc        0x4 ./platform/init_rom_symbol.o
                0x00000000200003cc                mbedtls_ecp_group_copy_fn
 .sbss.mbedtls_ecp_group_free_fn
                0x00000000200003d0        0x4 ./platform/init_rom_symbol.o
                0x00000000200003d0                mbedtls_ecp_group_free_fn
 .sbss.mbedtls_ecp_group_init_fn
                0x00000000200003d4        0x4 ./platform/init_rom_symbol.o
                0x00000000200003d4                mbedtls_ecp_group_init_fn
 .sbss.mbedtls_ecp_grp_id_list_fn
                0x00000000200003d8        0x4 ./platform/init_rom_symbol.o
                0x00000000200003d8                mbedtls_ecp_grp_id_list_fn
 .sbss.mbedtls_ecp_is_zero_fn
                0x00000000200003dc        0x4 ./platform/init_rom_symbol.o
                0x00000000200003dc                mbedtls_ecp_is_zero_fn
 .sbss.mbedtls_ecp_keypair_free_fn
                0x00000000200003e0        0x4 ./platform/init_rom_symbol.o
                0x00000000200003e0                mbedtls_ecp_keypair_free_fn
 .sbss.mbedtls_ecp_keypair_init_fn
                0x00000000200003e4        0x4 ./platform/init_rom_symbol.o
                0x00000000200003e4                mbedtls_ecp_keypair_init_fn
 .sbss.mbedtls_ecp_mul_fn
                0x00000000200003e8        0x4 ./platform/init_rom_symbol.o
                0x00000000200003e8                mbedtls_ecp_mul_fn
 .sbss.mbedtls_ecp_mul_restartable_fn
                0x00000000200003ec        0x4 ./platform/init_rom_symbol.o
                0x00000000200003ec                mbedtls_ecp_mul_restartable_fn
 .sbss.mbedtls_ecp_muladd_fn
                0x00000000200003f0        0x4 ./platform/init_rom_symbol.o
                0x00000000200003f0                mbedtls_ecp_muladd_fn
 .sbss.mbedtls_ecp_muladd_restartable_fn
                0x00000000200003f4        0x4 ./platform/init_rom_symbol.o
                0x00000000200003f4                mbedtls_ecp_muladd_restartable_fn
 .sbss.mbedtls_ecp_point_cmp_fn
                0x00000000200003f8        0x4 ./platform/init_rom_symbol.o
                0x00000000200003f8                mbedtls_ecp_point_cmp_fn
 .sbss.mbedtls_ecp_point_free_fn
                0x00000000200003fc        0x4 ./platform/init_rom_symbol.o
                0x00000000200003fc                mbedtls_ecp_point_free_fn
 .sbss.mbedtls_ecp_point_init_fn
                0x0000000020000400        0x4 ./platform/init_rom_symbol.o
                0x0000000020000400                mbedtls_ecp_point_init_fn
 .sbss.mbedtls_ecp_point_read_binary_fn
                0x0000000020000404        0x4 ./platform/init_rom_symbol.o
                0x0000000020000404                mbedtls_ecp_point_read_binary_fn
 .sbss.mbedtls_ecp_point_read_string_fn
                0x0000000020000408        0x4 ./platform/init_rom_symbol.o
                0x0000000020000408                mbedtls_ecp_point_read_string_fn
 .sbss.mbedtls_ecp_point_write_binary_fn
                0x000000002000040c        0x4 ./platform/init_rom_symbol.o
                0x000000002000040c                mbedtls_ecp_point_write_binary_fn
 .sbss.mbedtls_ecp_set_zero_fn
                0x0000000020000410        0x4 ./platform/init_rom_symbol.o
                0x0000000020000410                mbedtls_ecp_set_zero_fn
 .sbss.mbedtls_ecp_tls_read_group_fn
                0x0000000020000414        0x4 ./platform/init_rom_symbol.o
                0x0000000020000414                mbedtls_ecp_tls_read_group_fn
 .sbss.mbedtls_ecp_tls_read_group_id_fn
                0x0000000020000418        0x4 ./platform/init_rom_symbol.o
                0x0000000020000418                mbedtls_ecp_tls_read_group_id_fn
 .sbss.mbedtls_ecp_tls_read_point_fn
                0x000000002000041c        0x4 ./platform/init_rom_symbol.o
                0x000000002000041c                mbedtls_ecp_tls_read_point_fn
 .sbss.mbedtls_ecp_tls_write_group_fn
                0x0000000020000420        0x4 ./platform/init_rom_symbol.o
                0x0000000020000420                mbedtls_ecp_tls_write_group_fn
 .sbss.mbedtls_ecp_tls_write_point_fn
                0x0000000020000424        0x4 ./platform/init_rom_symbol.o
                0x0000000020000424                mbedtls_ecp_tls_write_point_fn
 .sbss.mbedtls_internal_md5_process_fn
                0x0000000020000428        0x4 ./platform/init_rom_symbol.o
                0x0000000020000428                mbedtls_internal_md5_process_fn
 .sbss.mbedtls_internal_sha256_process_fn
                0x000000002000042c        0x4 ./platform/init_rom_symbol.o
                0x000000002000042c                mbedtls_internal_sha256_process_fn
 .sbss.mbedtls_md5_clone_fn
                0x0000000020000430        0x4 ./platform/init_rom_symbol.o
                0x0000000020000430                mbedtls_md5_clone_fn
 .sbss.mbedtls_md5_finish_fn
                0x0000000020000434        0x4 ./platform/init_rom_symbol.o
                0x0000000020000434                mbedtls_md5_finish_fn
 .sbss.mbedtls_md5_finish_ret_fn
                0x0000000020000438        0x4 ./platform/init_rom_symbol.o
                0x0000000020000438                mbedtls_md5_finish_ret_fn
 .sbss.mbedtls_md5_fn
                0x000000002000043c        0x4 ./platform/init_rom_symbol.o
                0x000000002000043c                mbedtls_md5_fn
 .sbss.mbedtls_md5_free_fn
                0x0000000020000440        0x4 ./platform/init_rom_symbol.o
                0x0000000020000440                mbedtls_md5_free_fn
 .sbss.mbedtls_md5_init_fn
                0x0000000020000444        0x4 ./platform/init_rom_symbol.o
                0x0000000020000444                mbedtls_md5_init_fn
 .sbss.mbedtls_md5_process_fn
                0x0000000020000448        0x4 ./platform/init_rom_symbol.o
                0x0000000020000448                mbedtls_md5_process_fn
 .sbss.mbedtls_md5_ret_fn
                0x000000002000044c        0x4 ./platform/init_rom_symbol.o
                0x000000002000044c                mbedtls_md5_ret_fn
 .sbss.mbedtls_md5_starts_fn
                0x0000000020000450        0x4 ./platform/init_rom_symbol.o
                0x0000000020000450                mbedtls_md5_starts_fn
 .sbss.mbedtls_md5_starts_ret_fn
                0x0000000020000454        0x4 ./platform/init_rom_symbol.o
                0x0000000020000454                mbedtls_md5_starts_ret_fn
 .sbss.mbedtls_md5_update_fn
                0x0000000020000458        0x4 ./platform/init_rom_symbol.o
                0x0000000020000458                mbedtls_md5_update_fn
 .sbss.mbedtls_md5_update_ret_fn
                0x000000002000045c        0x4 ./platform/init_rom_symbol.o
                0x000000002000045c                mbedtls_md5_update_ret_fn
 .sbss.mbedtls_mpi_div_int_fn
                0x0000000020000460        0x4 ./platform/init_rom_symbol.o
                0x0000000020000460                mbedtls_mpi_div_int_fn
 .sbss.mbedtls_mpi_div_mpi_fn
                0x0000000020000464        0x4 ./platform/init_rom_symbol.o
                0x0000000020000464                mbedtls_mpi_div_mpi_fn
 .sbss.mbedtls_mpi_exp_mod_fn
                0x0000000020000468        0x4 ./platform/init_rom_symbol.o
                0x0000000020000468                mbedtls_mpi_exp_mod_fn
 .sbss.mbedtls_mpi_exp_mod_sw_fn
                0x000000002000046c        0x4 ./platform/init_rom_symbol.o
                0x000000002000046c                mbedtls_mpi_exp_mod_sw_fn
 .sbss.mbedtls_mpi_fill_random_fn
                0x0000000020000470        0x4 ./platform/init_rom_symbol.o
                0x0000000020000470                mbedtls_mpi_fill_random_fn
 .sbss.mbedtls_mpi_gcd_fn
                0x0000000020000474        0x4 ./platform/init_rom_symbol.o
                0x0000000020000474                mbedtls_mpi_gcd_fn
 .sbss.mbedtls_mpi_gen_prime_fn
                0x0000000020000478        0x4 ./platform/init_rom_symbol.o
                0x0000000020000478                mbedtls_mpi_gen_prime_fn
 .sbss.mbedtls_mpi_inv_mod_fn
                0x000000002000047c        0x4 ./platform/init_rom_symbol.o
                0x000000002000047c                mbedtls_mpi_inv_mod_fn
 .sbss.mbedtls_mpi_is_prime_ext_fn
                0x0000000020000480        0x4 ./platform/init_rom_symbol.o
                0x0000000020000480                mbedtls_mpi_is_prime_ext_fn
 .sbss.mbedtls_mpi_is_prime_fn
                0x0000000020000484        0x4 ./platform/init_rom_symbol.o
                0x0000000020000484                mbedtls_mpi_is_prime_fn
 .sbss.mbedtls_mpi_mod_int_fn
                0x0000000020000488        0x4 ./platform/init_rom_symbol.o
                0x0000000020000488                mbedtls_mpi_mod_int_fn
 .sbss.mbedtls_mpi_mod_mpi_fn
                0x000000002000048c        0x4 ./platform/init_rom_symbol.o
                0x000000002000048c                mbedtls_mpi_mod_mpi_fn
 .sbss.mbedtls_mpi_mul_int_fn
                0x0000000020000490        0x4 ./platform/init_rom_symbol.o
                0x0000000020000490                mbedtls_mpi_mul_int_fn
 .sbss.mbedtls_mpi_mul_mpi_fn
                0x0000000020000494        0x4 ./platform/init_rom_symbol.o
                0x0000000020000494                mbedtls_mpi_mul_mpi_fn
 .sbss.mbedtls_mpi_read_string_fn
                0x0000000020000498        0x4 ./platform/init_rom_symbol.o
                0x0000000020000498                mbedtls_mpi_read_string_fn
 .sbss.mbedtls_mpi_write_string_fn
                0x000000002000049c        0x4 ./platform/init_rom_symbol.o
                0x000000002000049c                mbedtls_mpi_write_string_fn
 .sbss.mbedtls_rsa_check_privkey_fn
                0x00000000200004a0        0x4 ./platform/init_rom_symbol.o
                0x00000000200004a0                mbedtls_rsa_check_privkey_fn
 .sbss.mbedtls_rsa_check_pub_priv_fn
                0x00000000200004a4        0x4 ./platform/init_rom_symbol.o
                0x00000000200004a4                mbedtls_rsa_check_pub_priv_fn
 .sbss.mbedtls_rsa_check_pubkey_fn
                0x00000000200004a8        0x4 ./platform/init_rom_symbol.o
                0x00000000200004a8                mbedtls_rsa_check_pubkey_fn
 .sbss.mbedtls_rsa_complete_fn
                0x00000000200004ac        0x4 ./platform/init_rom_symbol.o
                0x00000000200004ac                mbedtls_rsa_complete_fn
 .sbss.mbedtls_rsa_copy_fn
                0x00000000200004b0        0x4 ./platform/init_rom_symbol.o
                0x00000000200004b0                mbedtls_rsa_copy_fn
 .sbss.mbedtls_rsa_export_crt_fn
                0x00000000200004b4        0x4 ./platform/init_rom_symbol.o
                0x00000000200004b4                mbedtls_rsa_export_crt_fn
 .sbss.mbedtls_rsa_export_fn
                0x00000000200004b8        0x4 ./platform/init_rom_symbol.o
                0x00000000200004b8                mbedtls_rsa_export_fn
 .sbss.mbedtls_rsa_export_raw_fn
                0x00000000200004bc        0x4 ./platform/init_rom_symbol.o
                0x00000000200004bc                mbedtls_rsa_export_raw_fn
 .sbss.mbedtls_rsa_free_fn
                0x00000000200004c0        0x4 ./platform/init_rom_symbol.o
                0x00000000200004c0                mbedtls_rsa_free_fn
 .sbss.mbedtls_rsa_gen_key_fn
                0x00000000200004c4        0x4 ./platform/init_rom_symbol.o
                0x00000000200004c4                mbedtls_rsa_gen_key_fn
 .sbss.mbedtls_rsa_get_len_fn
                0x00000000200004c8        0x4 ./platform/init_rom_symbol.o
                0x00000000200004c8                mbedtls_rsa_get_len_fn
 .sbss.mbedtls_rsa_import_fn
                0x00000000200004cc        0x4 ./platform/init_rom_symbol.o
                0x00000000200004cc                mbedtls_rsa_import_fn
 .sbss.mbedtls_rsa_import_raw_fn
                0x00000000200004d0        0x4 ./platform/init_rom_symbol.o
                0x00000000200004d0                mbedtls_rsa_import_raw_fn
 .sbss.mbedtls_rsa_init_fn
                0x00000000200004d4        0x4 ./platform/init_rom_symbol.o
                0x00000000200004d4                mbedtls_rsa_init_fn
 .sbss.mbedtls_rsa_pkcs1_decrypt_fn
                0x00000000200004d8        0x4 ./platform/init_rom_symbol.o
                0x00000000200004d8                mbedtls_rsa_pkcs1_decrypt_fn
 .sbss.mbedtls_rsa_pkcs1_encrypt_fn
                0x00000000200004dc        0x4 ./platform/init_rom_symbol.o
                0x00000000200004dc                mbedtls_rsa_pkcs1_encrypt_fn
 .sbss.mbedtls_rsa_pkcs1_sign_fn
                0x00000000200004e0        0x4 ./platform/init_rom_symbol.o
                0x00000000200004e0                mbedtls_rsa_pkcs1_sign_fn
 .sbss.mbedtls_rsa_pkcs1_verify_fn
                0x00000000200004e4        0x4 ./platform/init_rom_symbol.o
                0x00000000200004e4                mbedtls_rsa_pkcs1_verify_fn
 .sbss.mbedtls_rsa_private_fn
                0x00000000200004e8        0x4 ./platform/init_rom_symbol.o
                0x00000000200004e8                mbedtls_rsa_private_fn
 .sbss.mbedtls_rsa_private_sw_fn
                0x00000000200004ec        0x4 ./platform/init_rom_symbol.o
                0x00000000200004ec                mbedtls_rsa_private_sw_fn
 .sbss.mbedtls_rsa_public_fn
                0x00000000200004f0        0x4 ./platform/init_rom_symbol.o
                0x00000000200004f0                mbedtls_rsa_public_fn
 .sbss.mbedtls_rsa_rsaes_oaep_decrypt_fn
                0x00000000200004f4        0x4 ./platform/init_rom_symbol.o
                0x00000000200004f4                mbedtls_rsa_rsaes_oaep_decrypt_fn
 .sbss.mbedtls_rsa_rsaes_oaep_encrypt_fn
                0x00000000200004f8        0x4 ./platform/init_rom_symbol.o
                0x00000000200004f8                mbedtls_rsa_rsaes_oaep_encrypt_fn
 .sbss.mbedtls_rsa_rsaes_pkcs1_v15_decrypt_fn
                0x00000000200004fc        0x4 ./platform/init_rom_symbol.o
                0x00000000200004fc                mbedtls_rsa_rsaes_pkcs1_v15_decrypt_fn
 .sbss.mbedtls_rsa_rsaes_pkcs1_v15_encrypt_fn
                0x0000000020000500        0x4 ./platform/init_rom_symbol.o
                0x0000000020000500                mbedtls_rsa_rsaes_pkcs1_v15_encrypt_fn
 .sbss.mbedtls_rsa_rsassa_pkcs1_v15_sign_fn
                0x0000000020000504        0x4 ./platform/init_rom_symbol.o
                0x0000000020000504                mbedtls_rsa_rsassa_pkcs1_v15_sign_fn
 .sbss.mbedtls_rsa_rsassa_pkcs1_v15_verify_fn
                0x0000000020000508        0x4 ./platform/init_rom_symbol.o
                0x0000000020000508                mbedtls_rsa_rsassa_pkcs1_v15_verify_fn
 .sbss.mbedtls_rsa_rsassa_pss_sign_fn
                0x000000002000050c        0x4 ./platform/init_rom_symbol.o
                0x000000002000050c                mbedtls_rsa_rsassa_pss_sign_fn
 .sbss.mbedtls_rsa_rsassa_pss_verify_ext_fn
                0x0000000020000510        0x4 ./platform/init_rom_symbol.o
                0x0000000020000510                mbedtls_rsa_rsassa_pss_verify_ext_fn
 .sbss.mbedtls_rsa_rsassa_pss_verify_fn
                0x0000000020000514        0x4 ./platform/init_rom_symbol.o
                0x0000000020000514                mbedtls_rsa_rsassa_pss_verify_fn
 .sbss.mbedtls_rsa_set_padding_fn
                0x0000000020000518        0x4 ./platform/init_rom_symbol.o
                0x0000000020000518                mbedtls_rsa_set_padding_fn
 .sbss.mbedtls_sha256_clone_fn
                0x000000002000051c        0x4 ./platform/init_rom_symbol.o
                0x000000002000051c                mbedtls_sha256_clone_fn
 .sbss.mbedtls_sha256_finish_fn
                0x0000000020000520        0x4 ./platform/init_rom_symbol.o
                0x0000000020000520                mbedtls_sha256_finish_fn
 .sbss.mbedtls_sha256_finish_ret_fn
                0x0000000020000524        0x4 ./platform/init_rom_symbol.o
                0x0000000020000524                mbedtls_sha256_finish_ret_fn
 .sbss.mbedtls_sha256_free_fn
                0x0000000020000528        0x4 ./platform/init_rom_symbol.o
                0x0000000020000528                mbedtls_sha256_free_fn
 .sbss.mbedtls_sha256_init_fn
                0x000000002000052c        0x4 ./platform/init_rom_symbol.o
                0x000000002000052c                mbedtls_sha256_init_fn
 .sbss.mbedtls_sha256_starts_fn
                0x0000000020000530        0x4 ./platform/init_rom_symbol.o
                0x0000000020000530                mbedtls_sha256_starts_fn
 .sbss.mbedtls_sha256_starts_ret_fn
                0x0000000020000534        0x4 ./platform/init_rom_symbol.o
                0x0000000020000534                mbedtls_sha256_starts_ret_fn
 .sbss.mbedtls_sha256_update_fn
                0x0000000020000538        0x4 ./platform/init_rom_symbol.o
                0x0000000020000538                mbedtls_sha256_update_fn
 .sbss.mbedtls_sha256_update_ret_fn
                0x000000002000053c        0x4 ./platform/init_rom_symbol.o
                0x000000002000053c                mbedtls_sha256_update_ret_fn
 .sbss._global_atexit
                0x0000000020000540        0x4 d:/work/gd32embeddedbuilder_v1.5.2.30854/tools/nuclei_riscv_newlibc_prebuilt_win32_2022.04/gcc/bin/../lib/gcc/riscv-nuclei-elf/10.2.0/../../../../riscv-nuclei-elf/lib/rv32imafcbp/ilp32f\libg_nano.a(lib_a-__call_atexit.o)
                0x0000000020000540                _global_atexit
 .sbss.__malloc_free_list
                0x0000000020000544        0x4 d:/work/gd32embeddedbuilder_v1.5.2.30854/tools/nuclei_riscv_newlibc_prebuilt_win32_2022.04/gcc/bin/../lib/gcc/riscv-nuclei-elf/10.2.0/../../../../riscv-nuclei-elf/lib/rv32imafcbp/ilp32f\libg_nano.a(lib_a-nano-mallocr.o)
                0x0000000020000544                __malloc_free_list
 .sbss.__malloc_sbrk_start
                0x0000000020000548        0x4 d:/work/gd32embeddedbuilder_v1.5.2.30854/tools/nuclei_riscv_newlibc_prebuilt_win32_2022.04/gcc/bin/../lib/gcc/riscv-nuclei-elf/10.2.0/../../../../riscv-nuclei-elf/lib/rv32imafcbp/ilp32f\libg_nano.a(lib_a-nano-mallocr.o)
                0x0000000020000548                __malloc_sbrk_start
 .sbss.errno    0x000000002000054c        0x4 d:/work/gd32embeddedbuilder_v1.5.2.30854/tools/nuclei_riscv_newlibc_prebuilt_win32_2022.04/gcc/bin/../lib/gcc/riscv-nuclei-elf/10.2.0/../../../../riscv-nuclei-elf/lib/rv32imafcbp/ilp32f\libg_nano.a(lib_a-reent.o)
                0x000000002000054c                errno
 .sbss          0x0000000020000550        0x4 d:/work/gd32embeddedbuilder_v1.5.2.30854/tools/nuclei_riscv_newlibc_prebuilt_win32_2022.04/gcc/bin/../lib/gcc/riscv-nuclei-elf/10.2.0/../../../../riscv-nuclei-elf/lib/rv32imafcbp/ilp32f\libnosys.a(sbrk.o)
 *(.gnu.linkonce.sb.*)
 *(.bss .bss.*)
 .bss.SystemExceptionHandlers
                0x0000000020000554       0x34 ./platform/handlers.o
 .bss.alloc_buf